Component: Arm Compiler for Embedded 6.18 Tool: armlink [5e4cc100]

==============================================================================

Section Cross References

    startup_stm32h743xx.o(STACK) refers (Special) to heapauxi.o(.text) for __use_two_region_memory
    startup_stm32h743xx.o(HEAP) refers (Special) to heapauxi.o(.text) for __use_two_region_memory
    startup_stm32h743xx.o(RESET) refers (Special) to heapauxi.o(.text) for __use_two_region_memory
    startup_stm32h743xx.o(RESET) refers to startup_stm32h743xx.o(STACK) for __initial_sp
    startup_stm32h743xx.o(RESET) refers to startup_stm32h743xx.o(.text) for Reset_Handler
    startup_stm32h743xx.o(RESET) refers to stm32h7xx_it.o(.text.NMI_Handler) for NMI_Handler
    startup_stm32h743xx.o(RESET) refers to stm32h7xx_it.o(.text.HardFault_Handler) for HardFault_Handler
    startup_stm32h743xx.o(RESET) refers to stm32h7xx_it.o(.text.MemManage_Handler) for MemManage_Handler
    startup_stm32h743xx.o(RESET) refers to stm32h7xx_it.o(.text.BusFault_Handler) for BusFault_Handler
    startup_stm32h743xx.o(RESET) refers to stm32h7xx_it.o(.text.UsageFault_Handler) for UsageFault_Handler
    startup_stm32h743xx.o(RESET) refers to stm32h7xx_it.o(.text.SVC_Handler) for SVC_Handler
    startup_stm32h743xx.o(RESET) refers to stm32h7xx_it.o(.text.DebugMon_Handler) for DebugMon_Handler
    startup_stm32h743xx.o(RESET) refers to stm32h7xx_it.o(.text.PendSV_Handler) for PendSV_Handler
    startup_stm32h743xx.o(RESET) refers to stm32h7xx_it.o(.text.SysTick_Handler) for SysTick_Handler
    startup_stm32h743xx.o(.text) refers (Special) to heapauxi.o(.text) for __use_two_region_memory
    startup_stm32h743xx.o(.text) refers to system_stm32h7xx.o(.text.SystemInit) for SystemInit
    startup_stm32h743xx.o(.text) refers to __main.o(!!!main) for __main
    startup_stm32h743xx.o(.text) refers to startup_stm32h743xx.o(HEAP) for Heap_Mem
    startup_stm32h743xx.o(.text) refers to startup_stm32h743xx.o(STACK) for Stack_Mem
    network.o(.text.ai_network_get_info) refers to ai_platform_interface.o(i.ai_platform_context_acquire) for ai_platform_context_acquire
    network.o(.text.ai_network_get_info) refers to network.o(.rodata.str1.1) for .L.str
    network.o(.text.ai_network_get_info) refers to ai_platform_interface.o(i.ai_platform_runtime_get_revision) for ai_platform_runtime_get_revision
    network.o(.text.ai_network_get_info) refers to ai_platform_interface.o(i.ai_platform_runtime_get_version) for ai_platform_runtime_get_version
    network.o(.text.ai_network_get_info) refers to ai_platform_interface.o(i.ai_platform_api_get_version) for ai_platform_api_get_version
    network.o(.text.ai_network_get_info) refers to ai_platform_interface.o(i.ai_platform_interface_api_get_version) for ai_platform_interface_api_get_version
    network.o(.text.ai_network_get_info) refers to rt_memclr_w.o(.text) for __aeabi_memclr4
    network.o(.text.ai_network_get_info) refers to ai_platform_interface.o(i.ai_platform_api_get_network_report) for ai_platform_api_get_network_report
    network.o(.text.ai_network_get_info) refers to rt_memcpy_w.o(.text) for __aeabi_memcpy4
    network.o(.ARM.exidx.text.ai_network_get_info) refers to network.o(.text.ai_network_get_info) for [Anonymous Symbol]
    network.o(.text.ai_network_get_report) refers to ai_platform_interface.o(i.ai_platform_context_acquire) for ai_platform_context_acquire
    network.o(.text.ai_network_get_report) refers to network.o(.rodata.str1.1) for .L.str
    network.o(.text.ai_network_get_report) refers to ai_platform_interface.o(i.ai_platform_runtime_get_revision) for ai_platform_runtime_get_revision
    network.o(.text.ai_network_get_report) refers to ai_platform_interface.o(i.ai_platform_runtime_get_version) for ai_platform_runtime_get_version
    network.o(.text.ai_network_get_report) refers to ai_platform_interface.o(i.ai_platform_api_get_version) for ai_platform_api_get_version
    network.o(.text.ai_network_get_report) refers to ai_platform_interface.o(i.ai_platform_interface_api_get_version) for ai_platform_interface_api_get_version
    network.o(.text.ai_network_get_report) refers to rt_memclr_w.o(.text) for __aeabi_memclr4
    network.o(.text.ai_network_get_report) refers to ai_platform_interface.o(i.ai_platform_api_get_network_report) for ai_platform_api_get_network_report
    network.o(.text.ai_network_get_report) refers to rt_memcpy_w.o(.text) for __aeabi_memcpy4
    network.o(.ARM.exidx.text.ai_network_get_report) refers to network.o(.text.ai_network_get_report) for [Anonymous Symbol]
    network.o(.text.ai_network_get_error) refers to ai_platform_interface.o(i.ai_platform_network_get_error) for ai_platform_network_get_error
    network.o(.ARM.exidx.text.ai_network_get_error) refers to network.o(.text.ai_network_get_error) for [Anonymous Symbol]
    network.o(.text.ai_network_create) refers to network.o(.data.g_network) for g_network
[...]
    __Heap_DescSize                          0x08000a05   Thumb Code     4  h1_init.o(.text)
    __read_errno                             0x08000a09   Thumb Code    10  _rserrno.o(.text)
    __set_errno                              0x08000a13   Thumb Code    12  _rserrno.o(.text)
    _fseek                                   0x08000a21   Thumb Code   242  fseek.o(.text)
    fseek                                    0x08000a21   Thumb Code     0  fseek.o(.text)
    _seterr                                  0x08000b19   Thumb Code    20  stdio.o(.text)
    _writebuf                                0x08000b2d   Thumb Code    84  stdio.o(.text)
    _fflush                                  0x08000b81   Thumb Code    70  stdio.o(.text)
    _deferredlazyseek                        0x08000bc7   Thumb Code    60  stdio.o(.text)
    _initio                                  0x08000c09   Thumb Code   210  initio.o(.text)
    _terminateio                             0x08000cdb   Thumb Code    56  initio.o(.text)
    __aeabi_memclr                           0x08000d41   Thumb Code     0  rt_memclr.o(.text)
    __rt_memclr                              0x08000d41   Thumb Code     0  rt_memclr.o(.text)
    _memset                                  0x08000d45   Thumb Code    64  rt_memclr.o(.text)
    __user_libspace                          0x08000d85   Thumb Code     8  libspace.o(.text)
    __user_perproc_libspace                  0x08000d85   Thumb Code     0  libspace.o(.text)
    __user_perthread_libspace                0x08000d85   Thumb Code     0  libspace.o(.text)
    __aeabi_errno_addr                       0x08000d8d   Thumb Code     8  rt_errno_addr_intlibspace.o(.text)
    __errno$intlibspace                      0x08000d8d   Thumb Code     0  rt_errno_addr_intlibspace.o(.text)
    __rt_errno_addr$intlibspace              0x08000d8d   Thumb Code     0  rt_errno_addr_intlibspace.o(.text)
    __Heap_ProvideMemory                     0x08000d95   Thumb Code    52  h1_extend.o(.text)
    _maybe_terminate_alloc                   0x08000d95   Thumb Code     0  maybetermalloc1.o(.text)
    _ftell_internal                          0x08000dc9   Thumb Code    66  ftell.o(.text)
    ftell                                    0x08000dc9   Thumb Code     0  ftell.o(.text)
    setvbuf                                  0x08000e0b   Thumb Code    70  setvbuf.o(.text)
    freopen                                  0x08000e51   Thumb Code   160  fopen.o(.text)
    fopen                                    0x08000ef1   Thumb Code    74  fopen.o(.text)
    _fclose_internal                         0x08000f41   Thumb Code    76  fclose.o(.text)
    fclose                                   0x08000f41   Thumb Code     0  fclose.o(.text)
    __rt_SIGRTRED                            0x08000f8d   Thumb Code    14  defsig_rtred_outer.o(.text)
    __rt_SIGRTMEM                            0x08000f9b   Thumb Code    14  defsig_rtmem_outer.o(.text)
    __I$use$semihosting                      0x08000fa9   Thumb Code     0  use_no_semi.o(.text)
    __use_no_semihosting_swi                 0x08000fa9   Thumb Code     2  use_no_semi.o(.text)
    __semihosting_library_function           0x08000fab   Thumb Code     0  indicate_semi.o(.text)
    __user_setup_stackheap                   0x08000fab   Thumb Code    74  sys_stackheap_outer.o(.text)
    exit                                     0x08000ff5   Thumb Code    18  exit.o(.text)
    __sig_exit                               0x08001007   Thumb Code    10  defsig_exit.o(.text)
    __rt_SIGRTRED_inner                      0x08001011   Thumb Code    14  defsig_rtred_inner.o(.text)
    __rt_SIGRTMEM_inner                      0x08001045   Thumb Code    22  defsig_rtmem_inner.o(.text)
    _sys_exit                                0x08001095   Thumb Code     8  sys_exit.o(.text)
    __default_signal_display                 0x080010a1   Thumb Code    50  defsig_general.o(.text)
    _ttywrch                                 0x080010d3   Thumb Code    14  sys_wrch.o(.text)
    BusFault_Handler                         0x080010e1   Thumb Code     2  stm32h7xx_it.o(.text.BusFault_Handler)
    DebugMon_Handler                         0x080010e9   Thumb Code     2  stm32h7xx_it.o(.text.DebugMon_Handler)
    Error_Handler                            0x080010f1   Thumb Code    10  main.o(.text.Error_Handler)
    HAL_CRCEx_Polynomial_Set                 0x08001101   Thumb Code   140  stm32h7xx_hal_crc_ex.o(.text.HAL_CRCEx_Polynomial_Set)
    HAL_CRC_Init                             0x08001191   Thumb Code   126  stm32h7xx_hal_crc.o(.text.HAL_CRC_Init)
    HAL_CRC_MspInit                          0x08001211   Thumb Code    46  crc.o(.text.HAL_CRC_MspInit)
    HAL_Delay                                0x08001241   Thumb Code    40  stm32h7xx_hal.o(.text.HAL_Delay)
    HAL_GPIO_Init                            0x08001269   Thumb Code   486  stm32h7xx_hal_gpio.o(.text.HAL_GPIO_Init)
    HAL_GetDEVID                             0x08001451   Thumb Code    16  stm32h7xx_hal.o(.text.HAL_GetDEVID)
    HAL_GetHalVersion                        0x08001461   Thumb Code     8  stm32h7xx_hal.o(.text.HAL_GetHalVersion)
    HAL_GetREVID                             0x08001469   Thumb Code    14  stm32h7xx_hal.o(.text.HAL_GetREVID)
    HAL_GetTick                              0x08001479   Thumb Code    12  stm32h7xx_hal.o(.text.HAL_GetTick)
    HAL_IncTick                              0x08001489   Thumb Code    26  stm32h7xx_hal.o(.text.HAL_IncTick)
    HAL_Init                                 0x080014a9   Thumb Code   100  stm32h7xx_hal.o(.text.HAL_Init)
    HAL_InitTick                             0x08001511   Thumb Code    76  stm32h7xx_hal.o(.text.HAL_InitTick)
    HAL_MspInit                              0x08001561   Thumb Code    32  stm32h7xx_hal_msp.o(.text.HAL_MspInit)
    HAL_NVIC_SetPriority                     0x08001581   Thumb Code    92  stm32h7xx_hal_cortex.o(.text.HAL_NVIC_SetPriority)
    HAL_NVIC_SetPriorityGrouping             0x080015e1   Thumb Code    32  stm32h7xx_hal_cortex.o(.text.HAL_NVIC_SetPriorityGrouping)
    HAL_PWREx_ConfigSupply                   0x08001601   Thumb Code    76  stm32h7xx_hal_pwr_ex.o(.text.HAL_PWREx_ConfigSupply)
    HAL_RCCEx_GetD3PCLK1Freq                 0x08001651   Thumb Code    38  stm32h7xx_hal_rcc_ex.o(.text.HAL_RCCEx_GetD3PCLK1Freq)
    HAL_RCCEx_GetPLL2ClockFreq               0x08001679   Thumb Code   392  stm32h7xx_hal_rcc_ex.o(.text.HAL_RCCEx_GetPLL2ClockFreq)
    HAL_RCCEx_GetPLL3ClockFreq               0x08001801   Thumb Code   392  stm32h7xx_hal_rcc_ex.o(.text.HAL_RCCEx_GetPLL3ClockFreq)
    HAL_RCCEx_PeriphCLKConfig                0x08001989   Thumb Code  3172  stm32h7xx_hal_rcc_ex.o(.text.HAL_RCCEx_PeriphCLKConfig)
    HAL_RCC_ClockConfig                      0x080025f1   Thumb Code   616  stm32h7xx_hal_rcc.o(.text.HAL_RCC_ClockConfig)
    HAL_RCC_GetHCLKFreq                      0x08002859   Thumb Code    76  stm32h7xx_hal_rcc.o(.text.HAL_RCC_GetHCLKFreq)
    HAL_RCC_GetPCLK1Freq                     0x080028a9   Thumb Code    96  stm32h7xx_hal_rcc.o(.text.HAL_RCC_GetPCLK1Freq)
    HAL_RCC_GetPCLK2Freq                     0x08002909   Thumb Code    96  stm32h7xx_hal_rcc.o(.text.HAL_RCC_GetPCLK2Freq)
    HAL_RCC_GetSysClockFreq                  0x08002969   Thumb Code   368  stm32h7xx_hal_rcc.o(.text.HAL_RCC_GetSysClockFreq)
    HAL_RCC_OscConfig                        0x08002ad9   Thumb Code  1306  stm32h7xx_hal_rcc.o(.text.HAL_RCC_OscConfig)
    HAL_SYSTICK_Config                       0x08002ff9   Thumb Code    46  stm32h7xx_hal_cortex.o(.text.HAL_SYSTICK_Config)
    HAL_UARTEx_DisableFifoMode               0x08003029   Thumb Code    54  stm32h7xx_hal_uart_ex.o(.text.HAL_UARTEx_DisableFifoMode)
    HAL_UARTEx_SetRxFifoThreshold            0x08003061   Thumb Code   144  stm32h7xx_hal_uart_ex.o(.text.HAL_UARTEx_SetRxFifoThreshold)
    HAL_UARTEx_SetTxFifoThreshold            0x080030f1   Thumb Code   144  stm32h7xx_hal_uart_ex.o(.text.HAL_UARTEx_SetTxFifoThreshold)
    HAL_UART_Init                            0x08003181   Thumb Code   198  stm32h7xx_hal_uart.o(.text.HAL_UART_Init)
    HAL_UART_MspInit                         0x08003249   Thumb Code   132  usart.o(.text.HAL_UART_MspInit)
    HAL_UART_Receive                         0x080032d1   Thumb Code   256  stm32h7xx_hal_uart.o(.text.HAL_UART_Receive)
    HAL_UART_Transmit                        0x080033d1   Thumb Code   218  stm32h7xx_hal_uart.o(.text.HAL_UART_Transmit)
    HardFault_Handler                        0x080034b1   Thumb Code     2  stm32h7xx_it.o(.text.HardFault_Handler)
    MX_CRC_Init                              0x080034b9   Thumb Code    50  crc.o(.text.MX_CRC_Init)
    MX_GPIO_Init                             0x080034f1   Thumb Code    50  gpio.o(.text.MX_GPIO_Init)
    MX_USART1_UART_Init                      0x08003529   Thumb Code   124  usart.o(.text.MX_USART1_UART_Init)
    MX_X_CUBE_AI_Init                        0x080035a9   Thumb Code    14  app_x-cube-ai.o(.text.MX_X_CUBE_AI_Init)
    MX_X_CUBE_AI_Process                     0x080035b9   Thumb Code    18  app_x-cube-ai.o(.text.MX_X_CUBE_AI_Process)
    MemManage_Handler                        0x080035d1   Thumb Code     2  stm32h7xx_it.o(.text.MemManage_Handler)
    NMI_Handler                              0x080035d9   Thumb Code     2  stm32h7xx_it.o(.text.NMI_Handler)
    PendSV_Handler                           0x080035e1   Thumb Code     2  stm32h7xx_it.o(.text.PendSV_Handler)
    SVC_Handler                              0x08003839   Thumb Code     2  stm32h7xx_it.o(.text.SVC_Handler)
    SysTick_Handler                          0x08003841   Thumb Code     4  stm32h7xx_it.o(.text.SysTick_Handler)
    SystemClock_Config                       0x08003849   Thumb Code   316  main.o(.text.SystemClock_Config)
    SystemInit                               0x08003989   Thumb Code   204  system_stm32h7xx.o(.text.SystemInit)
    UART_AdvFeatureConfig                    0x08003a59   Thumb Code   224  stm32h7xx_hal_uart.o(.text.UART_AdvFeatureConfig)
    UART_SetConfig                           0x08003b39   Thumb Code  1196  stm32h7xx_hal_uart.o(.text.UART_SetConfig)
    UART_WaitOnFlagUntilTimeout              0x08003ff1   Thumb Code   550  stm32h7xx_hal_uart.o(.text.UART_WaitOnFlagUntilTimeout)
    UsageFault_Handler                       0x08004219   Thumb Code     2  stm32h7xx_it.o(.text.UsageFault_Handler)
    _sys_close                               0x08004251   Thumb Code    20  syscalls.o(.text._sys_close)
    _sys_flen                                0x08004269   Thumb Code     4  syscalls.o(.text._sys_flen)
    _sys_istty                               0x08004271   Thumb Code    16  syscalls.o(.text._sys_istty)
    _sys_open                                0x08004281   Thumb Code    86  syscalls.o(.text._sys_open)
    _sys_seek                                0x080042d9   Thumb Code     6  syscalls.o(.text._sys_seek)
    _sys_write                               0x080042e1   Thumb Code    16  syscalls.o(.text._sys_write)
    aiLogErr                                 0x08004499   Thumb Code    24  aitesthelper.o(.text.aiLogErr)
    aiObserverDone                           0x08004509   Thumb Code   680  aisystemperformance.o(.text.aiObserverDone)
    aiObserverInit                           0x080047b1   Thumb Code   112  aisystemperformance.o(.text.aiObserverInit)
    aiPlatformVersion                        0x08004879   Thumb Code    44  aitesthelper.o(.text.aiPlatformVersion)
    aiPrintBufferInfo                        0x080048d9   Thumb Code   800  aitesthelper.o(.text.aiPrintBufferInfo)
    aiPrintNetworkInfo                       0x08004c89   Thumb Code   420  aitesthelper.o(.text.aiPrintNetworkInfo)
    aiSystemPerformanceInit                  0x08004ec1   Thumb Code   480  aisystemperformance.o(.text.aiSystemPerformanceInit)
    aiSystemPerformanceProcess               0x08005131   Thumb Code  2244  aisystemperformance.o(.text.aiSystemPerformanceProcess)
    ai_mnetwork_create                       0x08005a89   Thumb Code   146  app_x-cube-ai.o(.text.ai_mnetwork_create)
    ai_mnetwork_destroy                      0x08005b21   Thumb Code    40  app_x-cube-ai.o(.text.ai_mnetwork_destroy)
    ai_mnetwork_find                         0x08005b49   Thumb Code    80  app_x-cube-ai.o(.text.ai_mnetwork_find)
    ai_mnetwork_get_error                    0x08005b99   Thumb Code    26  app_x-cube-ai.o(.text.ai_mnetwork_get_error)
    ai_mnetwork_get_private_handle           0x08005bb9   Thumb Code   110  app_x-cube-ai.o(.text.ai_mnetwork_get_private_handle)
    ai_mnetwork_get_report                   0x08005c29   Thumb Code    24  app_x-cube-ai.o(.text.ai_mnetwork_get_report)
    ai_mnetwork_init                         0x08005c41   Thumb Code    84  app_x-cube-ai.o(.text.ai_mnetwork_init)
    ai_mnetwork_run                          0x08005c99   Thumb Code    26  app_x-cube-ai.o(.text.ai_mnetwork_run)
    ai_network_create                        0x08005cb9   Thumb Code    34  network.o(.text.ai_network_create)
    ai_network_data_params_get               0x08005ce1   Thumb Code    56  network_data.o(.text.ai_network_data_params_get)
    ai_network_destroy                       0x08005d19   Thumb Code     4  network.o(.text.ai_network_destroy)
    ai_network_forward                       0x08005d21   Thumb Code     6  network.o(.text.ai_network_forward)
    ai_network_get_error                     0x08005d29   Thumb Code     4  network.o(.text.ai_network_get_error)
    ai_network_get_report                    0x08005d31   Thumb Code   182  network.o(.text.ai_network_get_report)
    ai_network_init                          0x08005de9   Thumb Code   314  network.o(.text.ai_network_init)
    ai_network_run                           0x08005f29   Thumb Code     4  network.o(.text.ai_network_run)
    crcIpInit                                0x08005f31   Thumb Code    32  aitestutility.o(.text.crcIpInit)
    dwtCyclesToTime                          0x08005f51   Thumb Code   148  aitestutility.o(.text.dwtCyclesToTime)
    ioRawGetUint8                            0x08005fe9   Thumb Code    48  aitestutility.o(.text.ioRawGetUint8)
    lc_print                                 0x08006019   Thumb Code    42  aitestutility.o(.text.lc_print)
    main                                     0x08006049   Thumb Code   294  main.o(.text.main)
    systemSettingLog                         0x08006171   Thumb Code   336  aitestutility.o(.text.systemSettingLog)
    vlc_print                                0x08006439   Thumb Code  1240  lc_print.o(.text.vlc_print)
    __ARM_fpclassifyf                        0x08006ae1   Thumb Code    38  fpclassifyf.o(i.__ARM_fpclassifyf)
    __hardfp_expf                            0x08006c01   Thumb Code   430  expf.o(i.__hardfp_expf)
    __mathlib_expf                           0x08006c01   Thumb Code     0  expf.o(i.__hardfp_expf)
    __mathlib_flt_infnan                     0x08006ded   Thumb Code     6  funder.o(i.__mathlib_flt_infnan)
    __mathlib_flt_overflow                   0x08006df5   Thumb Code    10  funder.o(i.__mathlib_flt_overflow)
    __mathlib_flt_underflow                  0x08006e05   Thumb Code    10  funder.o(i.__mathlib_flt_underflow)
    _ai_platform_acquire_crc                 0x08007053   Thumb Code     4  ai_platform_interface.o(i._ai_platform_acquire_crc)
    _ai_platform_release_crc                 0x08007129   Thumb Code     2  ai_platform_interface.o(i._ai_platform_release_crc)
    ai_array_get_byte_size                   0x08007623   Thumb Code    60  ai_datatypes_format.o(i.ai_array_get_byte_size)
    ai_array_get_data_byte_size              0x0800765f   Thumb Code    30  ai_datatypes_format.o(i.ai_array_get_data_byte_size)
    ai_array_to_buffer_fmt                   0x0800767d   Thumb Code   246  ai_datatypes_format.o(i.ai_array_to_buffer_fmt)
    ai_buffer_array_item_set_address         0x080077a9   Thumb Code    36  ai_platform.o(i.ai_buffer_array_item_set_address)
    ai_buffer_array_sane                     0x080077cd   Thumb Code    18  ai_platform.o(i.ai_buffer_array_sane)
    ai_buffer_get_byte_size                  0x080077df   Thumb Code    16  ai_platform.o(i.ai_buffer_get_byte_size)
    ai_buffer_get_size                       0x080077f1   Thumb Code    96  ai_platform.o(i.ai_buffer_get_size)
    ai_check_custom_types                    0x08007859   Thumb Code    38  layers.o(i.ai_check_custom_types)
    ai_dict_decompress_f32                   0x08007f15   Thumb Code   122  layers_conv2d_generic_float.o(i.ai_dict_decompress_f32)
    ai_layer_type_is_valid                   0x08007f8f   Thumb Code   134  layers.o(i.ai_layer_type_is_valid)
    ai_layer_type_name                       0x08008015   Thumb Code   388  layers.o(i.ai_layer_type_name)
    ai_layers_destroy_all                    0x080083c9   Thumb Code    54  layers.o(i.ai_layers_destroy_all)
    ai_layers_forward_all                    0x080083ff   Thumb Code    78  layers.o(i.ai_layers_forward_all)
    ai_layers_init_all                       0x0800844d   Thumb Code    30  layers.o(i.ai_layers_init_all)
    ai_layers_post_init_all                  0x0800846b   Thumb Code    54  layers.o(i.ai_layers_post_init_all)
    ai_platform_api_get_network_report       0x080084a1   Thumb Code   370  ai_platform_interface.o(i.ai_platform_api_get_network_report)
    ai_platform_api_get_version              0x0800862d   Thumb Code    14  ai_platform_interface.o(i.ai_platform_api_get_version)
    ai_platform_bind_network_params          0x08008641   Thumb Code    38  ai_platform_interface.o(i.ai_platform_bind_network_params)
    ai_platform_context_acquire              0x0800866d   Thumb Code    24  ai_platform_interface.o(i.ai_platform_context_acquire)
    ai_platform_get_activations_map          0x08008689   Thumb Code    38  ai_platform_interface.o(i.ai_platform_get_activations_map)
    ai_platform_get_weights_map              0x080086b5   Thumb Code    36  ai_platform_interface.o(i.ai_platform_get_weights_map)
    ai_platform_interface_api_get_version    0x080086dd   Thumb Code    14  ai_platform_interface.o(i.ai_platform_interface_api_get_version)
    ai_platform_network_create               0x080086f1   Thumb Code   168  ai_platform_interface.o(i.ai_platform_network_create)
    ai_platform_network_destroy              0x080087a5   Thumb Code    22  ai_platform_interface.o(i.ai_platform_network_destroy)
    ai_platform_network_get_error            0x080087bd   Thumb Code    24  ai_platform_interface.o(i.ai_platform_network_get_error)
    ai_platform_network_init                 0x080087d9   Thumb Code   256  ai_platform_interface.o(i.ai_platform_network_init)
    ai_platform_network_post_init            0x080088e5   Thumb Code    70  ai_platform_interface.o(i.ai_platform_network_post_init)
    ai_platform_network_process              0x0800892b   Thumb Code    84  ai_platform_interface.o(i.ai_platform_network_process)
    ai_platform_network_set_error            0x0800897f   Thumb Code    12  ai_platform_interface.o(i.ai_platform_network_set_error)
    ai_platform_observer_node_info           0x0800898b   Thumb Code   118  ai_platform_interface.o(i.ai_platform_observer_node_info)
    ai_platform_observer_register            0x08008a01   Thumb Code   108  ai_platform_interface.o(i.ai_platform_observer_register)
    ai_platform_observer_unregister          0x08008a71   Thumb Code    40  ai_platform_interface.o(i.ai_platform_observer_unregister)
    ai_platform_runtime_get_revision         0x08008a99   Thumb Code    10  ai_platform_interface.o(i.ai_platform_runtime_get_revision)
    ai_platform_runtime_get_version          0x08008aa9   Thumb Code    14  ai_platform_interface.o(i.ai_platform_runtime_get_version)
    ai_platform_version_get                  0x08008abd   Thumb Code    22  ai_datatypes_internal.o(i.ai_platform_version_get)
    ai_version_get                           0x08008aed   Thumb Code    12  ai_datatypes_internal.o(i.ai_version_get)
    core_get_error                           0x08008af9   Thumb Code    12  core_common.o(i.core_get_error)
    core_init                                0x08008b05   Thumb Code     4  core_common.o(i.core_init)
    core_mem_alloc                           0x08008b09   Thumb Code    22  core_mem_manager.o(i.core_mem_alloc)
    core_mem_free                            0x08008b1f   Thumb Code    10  core_mem_manager.o(i.core_mem_free)
    core_set_error                           0x08008b89   Thumb Code    26  core_common.o(i.core_set_error)
    forward_conv2d                           0x08008ba5   Thumb Code   696  layers_conv2d_generic_float.o(i.forward_conv2d)
    forward_dense                            0x08008e61   Thumb Code   518  layers_conv2d_generic_float.o(i.forward_dense)
    forward_relu                             0x0800906d   Thumb Code   154  layers_nl_generic_float.o(i.forward_relu)
    forward_sm                               0x08009107   Thumb Code   108  layers_nl_generic_float.o(i.forward_sm)
    get_tensor_byte_size                     0x08009175   Thumb Code    34  ai_datatypes_internal.o(i.get_tensor_byte_size)
    nl_func_relu_array_f32                   0x0800919d   Thumb Code    52  layers_nl_generic_float.o(i.nl_func_relu_array_f32)
    nl_func_relu_generic_array_f32           0x080091d5   Thumb Code   194  layers_nl_generic_float.o(i.nl_func_relu_generic_array_f32)
    nl_func_relu_thresholded_array_f32       0x0800929d   Thumb Code    66  layers_nl_generic_float.o(i.nl_func_relu_thresholded_array_f32)
    nl_func_sm_array_f32                     0x080092e5   Thumb Code    78  layers_nl_generic_float.o(i.nl_func_sm_array_f32)
    nl_func_sm_channel_f32                   0x08009335   Thumb Code   142  layers_nl_generic_float.o(i.nl_func_sm_channel_f32)
    __fpl_dnaninf                            0x080093c9   Thumb Code   156  dnaninf.o(x$fpl$dnaninf)
    __aeabi_ul2f                             0x08009465   Thumb Code     0  ffltll_clz.o(x$fpl$ffltll)
    _ll_uto_f                                0x08009465   Thumb Code     6  ffltll_clz.o(x$fpl$ffltll)
    __aeabi_l2f                              0x0800946b   Thumb Code     0  ffltll_clz.o(x$fpl$ffltll)
    _ll_sto_f                                0x0800946b   Thumb Code    90  ffltll_clz.o(x$fpl$ffltll)
    _fp_init                                 0x080094c5   Thumb Code    26  fpinit.o(x$fpl$fpinit)
    __fplib_config_fpu_vfp                   0x080094dd   Thumb Code     0  fpinit.o(x$fpl$fpinit)
    __fplib_config_pureend_doubles           0x080094dd   Thumb Code     0  fpinit.o(x$fpl$fpinit)
    __aeabi_d2ulz                            0x080094e1   Thumb Code     0  dfixull.o(x$fpl$llufromd)
    _ll_ufrom_d                              0x080094e1   Thumb Code   120  dfixull.o(x$fpl$llufromd)
    __I$use$fp                               0x08009558   Number         0  usenofp.o(x$fpl$usenofp)
    D1CorePrescTable                         0x08009614   Data          16  system_stm32h7xx.o(.rodata.D1CorePrescTable)
    UARTPrescTable                           0x08009624   Data          24  stm32h7xx_hal_uart.o(.rodata.UARTPrescTable)
    __stderr_name                            0x0800963c   Data           8  syscalls.o(.rodata.__stderr_name)
    __stdin_name                             0x08009644   Data           7  syscalls.o(.rodata.__stdin_name)
    __stdout_name                            0x0800964b   Data           8  syscalls.o(.rodata.__stdout_name)
    s_network_weights_array_u64              0x080096c0   Data       48304  network_data_params.o(.rodata.s_network_weights_array_u64)
    Region$$Table$$Base                      0x08015ae0   Number         0  anon$$obj.o(Region$$Table)
    Region$$Table$$Limit                     0x08015b00   Number         0  anon$$obj.o(Region$$Table)
    __aeabi_stdin                            0x24000000   Data           4  stdio_streams.o(.data)
    __aeabi_stdout                           0x24000004   Data           4  stdio_streams.o(.data)
    __aeabi_stderr                           0x24000008   Data           4  stdio_streams.o(.data)
    uwTickFreq                               0x2400007c   Data           1  stm32h7xx_hal.o(.data..L_MergedGlobals)
    uwTickPrio                               0x24000080   Data           4  stm32h7xx_hal.o(.data..L_MergedGlobals)
    SystemCoreClock                          0x24000084   Data           4  system_stm32h7xx.o(.data..L_MergedGlobals)
    SystemD2Clock                            0x24000088   Data           4  system_stm32h7xx.o(.data..L_MergedGlobals)
    data_activations0                        0x24000678   Data           4  app_x-cube-ai.o(.data.data_activations0)
    data_ins                                 0x2400067c   Data           4  app_x-cube-ai.o(.data.data_ins)
    data_outs                                0x24000680   Data           4  app_x-cube-ai.o(.data.data_outs)
    g_network_data_map_activations           0x24000828   Data          28  network_data.o(.data.g_network_data_map_activations)
    g_network_data_map_weights               0x24000844   Data          28  network_data.o(.data.g_network_data_map_weights)
    __stdin                                  0x24000880   Data          84  stdio_streams.o(.bss)
    __stdout                                 0x240008d4   Data          84  stdio_streams.o(.bss)
    __stderr                                 0x24000928   Data          84  stdio_streams.o(.bss)
    _random_number_data                      0x2400097c   Data         228  rand.o(.bss)
    __libspace_start                         0x24000a60   Data          96  libspace.o(.bss)
    __temporary_stack_top$libspace           0x24000ac0   Data           0  libspace.o(.bss)
    cyclesCount                              0x24000ba4   Data          12  aitestutility.o(.bss.cyclesCount)
    data_in_1                                0x24000bb0   Data           1  app_x-cube-ai.o(.bss.data_in_1)
    data_out_1                               0x24000bb4   Data           1  app_x-cube-ai.o(.bss.data_out_1)
    hcrc                                     0x24000bf8   Data          36  crc.o(.bss.hcrc)
    huart1                                   0x24000c1c   Data         144  usart.o(.bss.huart1)
    net_exec_ctx                             0x24000cac   Data         128  aisystemperformance.o(.bss.net_exec_ctx)
    uwTick                                   0x240013ec   Data           4  stm32h7xx_hal.o(.bss.uwTick)



==============================================================================

Memory Map of the image

  Image Entry point : 0x08000299

  Load Region LR_IROM1 (Base: 0x08000000, Size: 0x00016380, Max: 0x00200000, ABSOLUTE, COMPRESSED[0x00015e20])

    Execution Region ER_IROM1 (Exec base: 0x08000000, Load base: 0x08000000, Size: 0x00015b00, Max: 0x00200000, ABSOLUTE)

    Exec Addr    Load Addr    Size         Type   Attr      Idx    E Section Name        Object

    0x08000000   0x08000000   0x00000298   Data   RO            3    RESET               startup_stm32h743xx.o
    0x08000298   0x08000298   0x00000008   Code   RO         2440  * !!!main             c_w.l(__main.o)
    0x080002a0   0x080002a0   0x00000034   Code   RO         2866    !!!scatter          c_w.l(__scatter.o)
    0x080002d4   0x080002d4   0x0000005a   Code   RO         2864    !!dczerorl2         c_w.l(__dczerorl2.o)
    0x0800032e   0x0800032e   0x00000002   PAD
    0x08000330   0x08000330   0x0000001c   Code   RO         2868    !!handler_zi        c_w.l(__scatter_zi.o)
    0x0800034c   0x0800034c   0x00000002   Code   RO         2817    .ARM.Collect$$libinit$$00000000  c_w.l(libinit.o)
    0x0800034e   0x0800034e   0x00000004   Code   RO         2618    .ARM.Collect$$libinit$$00000001  c_w.l(libinit2.o)
    0x08000352   0x08000352   0x00000000   Code   RO         2621    .ARM.Collect$$libinit$$00000004  c_w.l(libinit2.o)
    0x08000352   0x08000352   0x00000000   Code   RO         2623    .ARM.Collect$$libinit$$00000006  c_w.l(libinit2.o)
    0x08000352   0x08000352   0x00000008   Code   RO         2624    .ARM.Collect$$libinit$$00000007  c_w.l(libinit2.o)
    0x0800035a   0x0800035a   0x00000000   Code   RO         2626    .ARM.Collect$$libinit$$0000000C  c_w.l(libinit2.o)
    0x0800035a   0x0800035a   0x00000000   Code   RO         2628    .ARM.Collect$$libinit$$0000000E  c_w.l(libinit2.o)
    0x0800035a   0x0800035a   0x00000004   Code   RO         2629    .ARM.Collect$$libinit$$0000000F  c_w.l(libinit2.o)
    0x0800035e   0x0800035e   0x00000000   Code   RO         2630    .ARM.Collect$$libinit$$00000010  c_w.l(libinit2.o)
    0x0800035e   0x0800035e   0x00000000   Code   RO         2633    .ARM.Collect$$libinit$$00000013  c_w.l(libinit2.o)
    0x0800035e   0x0800035e   0x00000000   Code   RO         2635    .ARM.Collect$$libinit$$00000015  c_w.l(libinit2.o)
    0x0800035e   0x0800035e   0x00000000   Code   RO         2637    .ARM.Collect$$libinit$$00000017  c_w.l(libinit2.o)
    0x0800035e   0x0800035e   0x00000000   Code   RO         2639    .ARM.Collect$$libinit$$00000019  c_w.l(libinit2.o)
    0x0800035e   0x0800035e   0x00000000   Code   RO         2641    .ARM.Collect$$libinit$$0000001B  c_w.l(libinit2.o)
    0x0800035e   0x0800035e   0x00000000   Code   RO         2643    .ARM.Collect$$libinit$$0000001D  c_w.l(libinit2.o)
    0x0800035e   0x0800035e   0x00000000   Code   RO         2645    .ARM.Collect$$libinit$$0000001F  c_w.l(libinit2.o)
    0x0800035e   0x0800035e   0x00000000   Code   RO         2647    .ARM.Collect$$libinit$$00000021  c_w.l(libinit2.o)
    0x0800035e   0x0800035e   0x00000000   Code   RO         2649    .ARM.Collect$$libinit$$00000023  c_w.l(libinit2.o)
    0x0800035e   0x0800035e   0x00000000   Code   RO         2651    .ARM.Collect$$libinit$$00000025  c_w.l(libinit2.o)
    0x0800035e   0x0800035e   0x00000004   Code   RO         2652    .ARM.Collect$$libinit$$00000026  c_w.l(libinit2.o)
    0x08000362   0x08000362   0x00000000   Code   RO         2653    .ARM.Collect$$libinit$$00000027  c_w.l(libinit2.o)
    0x08000362   0x08000362   0x00000000   Code   RO         2657    .ARM.Collect$$libinit$$0000002E  c_w.l(libinit2.o)
    0x08000362   0x08000362   0x00000000   Code   RO         2659    .ARM.Collect$$libinit$$00000030  c_w.l(libinit2.o)
    0x08000362   0x08000362   0x00000000   Code   RO         2661    .ARM.Collect$$libinit$$00000032  c_w.l(libinit2.o)
    0x08000362   0x08000362   0x00000000   Code   RO         2663    .ARM.Collect$$libinit$$00000034  c_w.l(libinit2.o)
    0x08000362   0x08000362   0x00000002   Code   RO         2664    .ARM.Collect$$libinit$$00000035  c_w.l(libinit2.o)
    0x08000364   0x08000364   0x00000002   Code   RO         2861    .ARM.Collect$$libshutdown$$00000000  c_w.l(libshutdown.o)
    0x08000366   0x08000366   0x00000000   Code   RO         2770    .ARM.Collect$$libshutdown$$00000002  c_w.l(libshutdown2.o)
    0x08000366   0x08000366   0x00000004   Code   RO         2771    .ARM.Collect$$libshutdown$$00000003  c_w.l(libshutdown2.o)
    0x0800036a   0x0800036a   0x00000000   Code   RO         2772    .ARM.Collect$$libshutdown$$00000004  c_w.l(libshutdown2.o)
    0x0800036a   0x0800036a   0x00000000   Code   RO         2775    .ARM.Collect$$libshutdown$$00000007  c_w.l(libshutdown2.o)
    0x0800036a   0x0800036a   0x00000000   Code   RO         2778    .ARM.Collect$$libshutdown$$0000000A  c_w.l(libshutdown2.o)
    0x0800036a   0x0800036a   0x00000000   Code   RO         2780    .ARM.Collect$$libshutdown$$0000000C  c_w.l(libshutdown2.o)
    0x0800036a   0x0800036a   0x00000000   Code   RO         2783    .ARM.Collect$$libshutdown$$0000000F  c_w.l(libshutdown2.o)
    0x0800036a   0x0800036a   0x00000002   Code   RO         2784    .ARM.Collect$$libshutdown$$00000010  c_w.l(libshutdown2.o)
    0x0800036c   0x0800036c   0x00000000   Code   RO         2575    .ARM.Collect$$rtentry$$00000000  c_w.l(__rtentry.o)
    0x0800036c   0x0800036c   0x00000000   Code   RO         2715    .ARM.Collect$$rtentry$$00000002  c_w.l(__rtentry2.o)
    0x0800036c   0x0800036c   0x00000006   Code   RO         2727    .ARM.Collect$$rtentry$$00000004  c_w.l(__rtentry4.o)
    0x08000372   0x08000372   0x00000000   Code   RO         2717    .ARM.Collect$$rtentry$$00000009  c_w.l(__rtentry2.o)
    0x08000372   0x08000372   0x00000004   Code   RO         2718    .ARM.Collect$$rtentry$$0000000A  c_w.l(__rtentry2.o)
    0x08000376   0x08000376   0x00000000   Code   RO         2720    .ARM.Collect$$rtentry$$0000000C  c_w.l(__rtentry2.o)
    0x08000376   0x08000376   0x00000008   Code   RO         2721    .ARM.Collect$$rtentry$$0000000D  c_w.l(__rtentry2.o)
    0x0800037e   0x0800037e   0x00000002   Code   RO         2822    .ARM.Collect$$rtexit$$00000000  c_w.l(rtexit.o)
    0x08000380   0x08000380   0x00000000   Code   RO         2839    .ARM.Collect$$rtexit$$00000002  c_w.l(rtexit2.o)
    0x08000380   0x08000380   0x00000004   Code   RO         2840    .ARM.Collect$$rtexit$$00000003  c_w.l(rtexit2.o)
    0x08000384   0x08000384   0x00000006   Code   RO         2841    .ARM.Collect$$rtexit$$00000004  c_w.l(rtexit2.o)
    0x0800038a   0x0800038a   0x00000002   PAD
    0x0800038c   0x0800038c   0x00000034   Code   RO         2417    .emb_text           c_w.l(rand.o)
    0x080003c0   0x080003c0   0x00000040   Code   RO            4    .text               startup_stm32h743xx.o
    0x08000400   0x08000400   0x00000028   Code   RO         2341    .text               c_w.l(calloc.o)
    0x08000428   0x08000428   0x0000005e   Code   RO         2343    .text               c_w.l(h1_alloc.o)
    0x08000486   0x08000486   0x0000004e   Code   RO         2345    .text               c_w.l(h1_free.o)
    0x080004d4   0x080004d4   0x000000f0   Code   RO         2405    .text               c_w.l(lludivv7m.o)
    0x080005c4   0x080005c4   0x00000064   Code   RO         2407    .text               c_w.l(fflush.o)
    0x08000628   0x08000628   0x0000003c   Code   RO         2418    .text               c_w.l(rand.o)
    0x08000664   0x08000664   0x00000058   Code   RO         2422    .text               c_w.l(memcmp.o)
    0x080006bc   0x080006bc   0x0000003e   Code   RO         2424    .text               c_w.l(strlen.o)
    0x080006fa   0x080006fa   0x00000096   Code   RO         2426    .text               c_w.l(strncmp.o)
    0x08000790   0x08000790   0x0000008a   Code   RO         2428    .text               c_w.l(rt_memcpy_v6.o)
    0x0800081a   0x0800081a   0x00000064   Code   RO         2430    .text               c_w.l(rt_memcpy_w.o)
    0x0800087e   0x0800087e   0x00000010   Code   RO         2432    .text               c_w.l(aeabi_memset.o)
    0x0800088e   0x0800088e   0x0000004e   Code   RO         2434    .text               c_w.l(rt_memclr_w.o)
    0x080008dc   0x080008dc   0x00000004   PAD
    0x080008e0   0x080008e0   0x0000007c   Code   RO         2436    .text               c_w.l(strcmpv7m_pel.o)
    0x0800095c   0x0800095c   0x00000006   Code   RO         2438    .text               c_w.l(heapauxi.o)
    0x08000962   0x08000962   0x00000002   PAD
    0x08000964   0x08000964   0x00000008   Code   RO         2583    .text               c_w.l(rt_heap_descriptor_intlibspace.o)
    0x0800096c   0x0800096c   0x00000004   Code   RO         2585    .text               c_w.l(hguard.o)
    0x08000970   0x08000970   0x0000008a   Code   RO         2587    .text               c_w.l(init_alloc.o)
    0x080009fa   0x080009fa   0x0000000e   Code   RO         2591    .text               c_w.l(h1_init.o)
    0x08000a08   0x08000a08   0x00000016   Code   RO         2603    .text               c_w.l(_rserrno.o)
    0x08000a1e   0x08000a1e   0x00000002   PAD
    0x08000a20   0x08000a20   0x000000f8   Code   RO         2605    .text               c_w.l(fseek.o)
    0x08000b18   0x08000b18   0x000000f0   Code   RO         2607    .text               c_w.l(stdio.o)
    0x08000c08   0x08000c08   0x00000138   Code   RO         2610    .text               c_w.l(initio.o)
    0x08000d40   0x08000d40   0x00000044   Code   RO         2614    .text               c_w.l(rt_memclr.o)
    0x08000d84   0x08000d84   0x00000008   Code   RO         2711    .text               c_w.l(libspace.o)
    0x08000d8c   0x08000d8c   0x00000008   Code   RO         2734    .text               c_w.l(rt_errno_addr_intlibspace.o)
    0x08000d94   0x08000d94   0x00000000   Code   RO         2738    .text               c_w.l(maybetermalloc1.o)
    0x08000d94   0x08000d94   0x00000034   Code   RO         2740    .text               c_w.l(h1_extend.o)
    0x08000dc8   0x08000dc8   0x00000042   Code   RO         2744    .text               c_w.l(ftell.o)
    0x08000e0a   0x08000e0a   0x00000046   Code   RO         2746    .text               c_w.l(setvbuf.o)
    0x08000e50   0x08000e50   0x000000f0   Code   RO         2748    .text               c_w.l(fopen.o)
    0x08000f40   0x08000f40   0x0000004c   Code   RO         2750    .text               c_w.l(fclose.o)
    0x08000f8c   0x08000f8c   0x0000000e   Code   RO         2756    .text               c_w.l(defsig_rtred_outer.o)
    0x08000f9a   0x08000f9a   0x0000000e   Code   RO         2760    .text               c_w.l(defsig_rtmem_outer.o)
    0x08000fa8   0x08000fa8   0x00000002   Code   RO         2787    .text               c_w.l(use_no_semi.o)
    0x08000faa   0x08000faa   0x00000000   Code   RO         2789    .text               c_w.l(indicate_semi.o)
    0x08000faa   0x08000faa   0x0000004a   Code   RO         2790    .text               c_w.l(sys_stackheap_outer.o)
    0x08000ff4   0x08000ff4   0x00000012   Code   RO         2796    .text               c_w.l(exit.o)
    0x08001006   0x08001006   0x0000000a   Code   RO         2798    .text               c_w.l(defsig_exit.o)
    0x08001010   0x08001010   0x00000034   Code   RO         2804    .text               c_w.l(defsig_rtred_inner.o)
    0x08001044   0x08001044   0x00000050   Code   RO         2806    .text               c_w.l(defsig_rtmem_inner.o)
    0x08001094   0x08001094   0x0000000c   Code   RO         2818    .text               c_w.l(sys_exit.o)
    0x080010a0   0x080010a0   0x00000032   Code   RO         2830    .text               c_w.l(defsig_general.o)
    0x080010d2   0x080010d2   0x0000000e   Code   RO         2834    .text               c_w.l(sys_wrch.o)
    0x080010e0   0x080010e0   0x00000002   Code   RO          403    .text.BusFault_Handler  stm32h7xx_it.o
    0x080010e2   0x080010e2   0x00000006   PAD
    0x080010e8   0x080010e8   0x00000002   Code   RO          409    .text.DebugMon_Handler  stm32h7xx_it.o
    0x080010ea   0x080010ea   0x00000006   PAD
    0x080010f0   0x080010f0   0x0000000a   Code   RO          348    .text.Error_Handler  main.o
    0x080010fa   0x080010fa   0x00000006   PAD
    0x08001100   0x08001100   0x0000008c   Code   RO          500    .text.HAL_CRCEx_Polynomial_Set  stm32h7xx_hal_crc_ex.o
    0x0800118c   0x0800118c   0x00000004   PAD
    0x08001190   0x08001190   0x0000007e   Code   RO          478    .text.HAL_CRC_Init  stm32h7xx_hal_crc.o
    0x0800120e   0x0800120e   0x00000002   PAD
    0x08001210   0x08001210   0x0000002e   Code   RO          369    .text.HAL_CRC_MspInit  crc.o
    0x0800123e   0x0800123e   0x00000002   PAD
    0x08001240   0x08001240   0x00000028   Code   RO          991    .text.HAL_Delay     stm32h7xx_hal.o
    0x08001268   0x08001268   0x000001e6   Code   RO          679    .text.HAL_GPIO_Init  stm32h7xx_hal_gpio.o
    0x0800144e   0x0800144e   0x00000002   PAD
    0x08001450   0x08001450   0x00000010   Code   RO         1001    .text.HAL_GetDEVID  stm32h7xx_hal.o
    0x08001460   0x08001460   0x00000008   Code   RO          997    .text.HAL_GetHalVersion  stm32h7xx_hal.o
    0x08001468   0x08001468   0x0000000e   Code   RO          999    .text.HAL_GetREVID  stm32h7xx_hal.o
    0x08001476   0x08001476   0x00000002   PAD
    0x08001478   0x08001478   0x0000000c   Code   RO          983    .text.HAL_GetTick   stm32h7xx_hal.o
    0x08001484   0x08001484   0x00000004   PAD
    0x08001488   0x08001488   0x0000001a   Code   RO          981    .text.HAL_IncTick   stm32h7xx_hal.o
    0x080014a2   0x080014a2   0x00000006   PAD
    0x080014a8   0x080014a8   0x00000064   Code   RO          971    .text.HAL_Init      stm32h7xx_hal.o
    0x0800150c   0x0800150c   0x00000004   PAD
    0x08001510   0x08001510   0x0000004c   Code   RO          973    .text.HAL_InitTick  stm32h7xx_hal.o
    0x0800155c   0x0800155c   0x00000004   PAD
    0x08001560   0x08001560   0x00000020   Code   RO          422    .text.HAL_MspInit   stm32h7xx_hal_msp.o
    0x08001580   0x08001580   0x0000005c   Code   RO          432    .text.HAL_NVIC_SetPriority  stm32h7xx_hal_cortex.o
    0x080015dc   0x080015dc   0x00000004   PAD
    0x080015e0   0x080015e0   0x00000020   Code   RO          430    .text.HAL_NVIC_SetPriorityGrouping  stm32h7xx_hal_cortex.o
    0x08001600   0x08001600   0x0000004c   Code   RO          883    .text.HAL_PWREx_ConfigSupply  stm32h7xx_hal_pwr_ex.o
    0x0800164c   0x0800164c   0x00000004   PAD
    0x08001650   0x08001650   0x00000026   Code   RO          566    .text.HAL_RCCEx_GetD3PCLK1Freq  stm32h7xx_hal_rcc_ex.o
    0x08001676   0x08001676   0x00000002   PAD
    0x08001678   0x08001678   0x00000188   Code   RO          562    .text.HAL_RCCEx_GetPLL2ClockFreq  stm32h7xx_hal_rcc_ex.o
    0x08001800   0x08001800   0x00000188   Code   RO          564    .text.HAL_RCCEx_GetPLL3ClockFreq  stm32h7xx_hal_rcc_ex.o
    0x08001988   0x08001988   0x00000c64   Code   RO          550    .text.HAL_RCCEx_PeriphCLKConfig  stm32h7xx_hal_rcc_ex.o
    0x080025ec   0x080025ec   0x00000004   PAD
    0x080025f0   0x080025f0   0x00000268   Code   RO          518    .text.HAL_RCC_ClockConfig  stm32h7xx_hal_rcc.o
    0x08002858   0x08002858   0x0000004c   Code   RO          528    .text.HAL_RCC_GetHCLKFreq  stm32h7xx_hal_rcc.o
    0x080028a4   0x080028a4   0x00000004   PAD
    0x080028a8   0x080028a8   0x00000060   Code   RO          530    .text.HAL_RCC_GetPCLK1Freq  stm32h7xx_hal_rcc.o
    0x08002908   0x08002908   0x00000060   Code   RO          532    .text.HAL_RCC_GetPCLK2Freq  stm32h7xx_hal_rcc.o
    0x08002968   0x08002968   0x00000170   Code   RO          520    .text.HAL_RCC_GetSysClockFreq  stm32h7xx_hal_rcc.o
    0x08002ad8   0x08002ad8   0x0000051a   Code   RO          516    .text.HAL_RCC_OscConfig  stm32h7xx_hal_rcc.o
    0x08002ff2   0x08002ff2   0x00000006   PAD
    0x08002ff8   0x08002ff8   0x0000002e   Code   RO          442    .text.HAL_SYSTICK_Config  stm32h7xx_hal_cortex.o
    0x08003026   0x08003026   0x00000002   PAD
    0x08003028   0x08003028   0x00000036   Code   RO         1440    .text.HAL_UARTEx_DisableFifoMode  stm32h7xx_hal_uart_ex.o
    0x0800305e   0x0800305e   0x00000002   PAD
    0x08003060   0x08003060   0x00000090   Code   RO         1444    .text.HAL_UARTEx_SetRxFifoThreshold  stm32h7xx_hal_uart_ex.o
    0x080030f0   0x080030f0   0x00000090   Code   RO         1442    .text.HAL_UARTEx_SetTxFifoThreshold  stm32h7xx_hal_uart_ex.o
    0x08003180   0x08003180   0x000000c6   Code   RO         1277    .text.HAL_UART_Init  stm32h7xx_hal_uart.o
    0x08003246   0x08003246   0x00000002   PAD
    0x08003248   0x08003248   0x00000084   Code   RO          384    .text.HAL_UART_MspInit  usart.o
    0x080032cc   0x080032cc   0x00000004   PAD
    0x080032d0   0x080032d0   0x00000100   Code   RO         1301    .text.HAL_UART_Receive  stm32h7xx_hal_uart.o
    0x080033d0   0x080033d0   0x000000da   Code   RO         1297    .text.HAL_UART_Transmit  stm32h7xx_hal_uart.o
    0x080034aa   0x080034aa   0x00000006   PAD
    0x080034b0   0x080034b0   0x00000002   Code   RO          399    .text.HardFault_Handler  stm32h7xx_it.o
    0x080034b2   0x080034b2   0x00000006   PAD
    0x080034b8   0x080034b8   0x00000032   Code   RO          367    .text.MX_CRC_Init   crc.o
    0x080034ea   0x080034ea   0x00000006   PAD
    0x080034f0   0x080034f0   0x00000032   Code   RO          359    .text.MX_GPIO_Init  gpio.o
    0x08003522   0x08003522   0x00000006   PAD
    0x08003528   0x08003528   0x0000007c   Code   RO          382    .text.MX_USART1_UART_Init  usart.o
    0x080035a4   0x080035a4   0x00000004   PAD
    0x080035a8   0x080035a8   0x0000000e   Code   RO          305    .text.MX_X_CUBE_AI_Init  app_x-cube-ai.o
    0x080035b6   0x080035b6   0x00000002   PAD
    0x080035b8   0x080035b8   0x00000012   Code   RO          307    .text.MX_X_CUBE_AI_Process  app_x-cube-ai.o
    0x080035ca   0x080035ca   0x00000006   PAD
    0x080035d0   0x080035d0   0x00000002   Code   RO          401    .text.MemManage_Handler  stm32h7xx_it.o
    0x080035d2   0x080035d2   0x00000006   PAD
    0x080035d8   0x080035d8   0x00000002   Code   RO          397    .text.NMI_Handler   stm32h7xx_it.o
    0x080035da   0x080035da   0x00000006   PAD
    0x080035e0   0x080035e0   0x00000002   Code   RO          411    .text.PendSV_Handler  stm32h7xx_it.o
    0x080035e2   0x080035e2   0x00000006   PAD
    0x080035e8   0x080035e8   0x00000122   Code   RO          552    .text.RCCEx_PLL2_Config  stm32h7xx_hal_rcc_ex.o
    0x0800370a   0x0800370a   0x00000006   PAD
    0x08003710   0x08003710   0x00000122   Code   RO          554    .text.RCCEx_PLL3_Config  stm32h7xx_hal_rcc_ex.o
    0x08003832   0x08003832   0x00000006   PAD
    0x08003838   0x08003838   0x00000002   Code   RO          407    .text.SVC_Handler   stm32h7xx_it.o
    0x0800383a   0x0800383a   0x00000006   PAD
    0x08003840   0x08003840   0x00000004   Code   RO          413    .text.SysTick_Handler  stm32h7xx_it.o
    0x08003844   0x08003844   0x00000004   PAD
    0x08003848   0x08003848   0x0000013c   Code   RO          346    .text.SystemClock_Config  main.o
    0x08003984   0x08003984   0x00000004   PAD
    0x08003988   0x08003988   0x000000cc   Code   RO         1461    .text.SystemInit    system_stm32h7xx.o
    0x08003a54   0x08003a54   0x00000004   PAD
    0x08003a58   0x08003a58   0x000000e0   Code   RO         1283    .text.UART_AdvFeatureConfig  stm32h7xx_hal_uart.o
    0x08003b38   0x08003b38   0x000004b4   Code   RO         1281    .text.UART_SetConfig  stm32h7xx_hal_uart.o
    0x08003fec   0x08003fec   0x00000004   PAD
    0x08003ff0   0x08003ff0   0x00000226   Code   RO         1299    .text.UART_WaitOnFlagUntilTimeout  stm32h7xx_hal_uart.o
    0x08004216   0x08004216   0x00000002   PAD
    0x08004218   0x08004218   0x00000002   Code   RO          405    .text.UsageFault_Handler  stm32h7xx_it.o
    0x0800421a   0x0800421a   0x00000006   PAD
    0x08004220   0x08004220   0x0000002e   Code   RO          237    .text._put_c_driver  aitestutility.o
    0x0800424e   0x0800424e   0x00000002   PAD
    0x08004250   0x08004250   0x00000014   Code   RO          282    .text._sys_close    syscalls.o
    0x08004264   0x08004264   0x00000004   PAD
    0x08004268   0x08004268   0x00000004   Code   RO          292    .text._sys_flen     syscalls.o
    0x0800426c   0x0800426c   0x00000004   PAD
    0x08004270   0x08004270   0x00000010   Code   RO          288    .text._sys_istty    syscalls.o
    0x08004280   0x08004280   0x00000056   Code   RO          280    .text._sys_open     syscalls.o
    0x080042d6   0x080042d6   0x00000002   PAD
    0x080042d8   0x080042d8   0x00000006   Code   RO          290    .text._sys_seek     syscalls.o
    0x080042de   0x080042de   0x00000002   PAD
    0x080042e0   0x080042e0   0x00000010   Code   RO          284    .text._sys_write    syscalls.o
    0x080042f0   0x080042f0   0x000001a2   Code   RO          269    .text._write_number  lc_print.o
    0x08004492   0x08004492   0x00000006   PAD
    0x08004498   0x08004498   0x00000070   Code   RO          210    .text.aiLogErr      aitesthelper.o
    0x08004508   0x08004508   0x000002a8   Code   RO          188    .text.aiObserverDone  aisystemperformance.o
    0x080047b0   0x080047b0   0x000000c8   Code   RO          184    .text.aiObserverInit  aisystemperformance.o
    0x08004878   0x08004878   0x00000060   Code   RO          208    .text.aiPlatformVersion  aitesthelper.o
    0x080048d8   0x080048d8   0x000003ac   Code   RO          212    .text.aiPrintBufferInfo  aitesthelper.o
    0x08004c84   0x08004c84   0x00000004   PAD
    0x08004c88   0x08004c88   0x00000234   Code   RO          214    .text.aiPrintNetworkInfo  aitesthelper.o
    0x08004ebc   0x08004ebc   0x00000004   PAD
    0x08004ec0   0x08004ec0   0x0000026c   Code   RO          190    .text.aiSystemPerformanceInit  aisystemperformance.o
    0x0800512c   0x0800512c   0x00000004   PAD
    0x08005130   0x08005130   0x00000958   Code   RO          192    .text.aiSystemPerformanceProcess  aisystemperformance.o
    0x08005a88   0x08005a88   0x00000092   Code   RO          311    .text.ai_mnetwork_create  app_x-cube-ai.o
    0x08005b1a   0x08005b1a   0x00000006   PAD
    0x08005b20   0x08005b20   0x00000028   Code   RO          313    .text.ai_mnetwork_destroy  app_x-cube-ai.o
    0x08005b48   0x08005b48   0x00000050   Code   RO          309    .text.ai_mnetwork_find  app_x-cube-ai.o
    0x08005b98   0x08005b98   0x0000001a   Code   RO          317    .text.ai_mnetwork_get_error  app_x-cube-ai.o
    0x08005bb2   0x08005bb2   0x00000006   PAD
    0x08005bb8   0x08005bb8   0x0000006e   Code   RO          325    .text.ai_mnetwork_get_private_handle  app_x-cube-ai.o
    0x08005c26   0x08005c26   0x00000002   PAD
    0x08005c28   0x08005c28   0x00000018   Code   RO          315    .text.ai_mnetwork_get_report  app_x-cube-ai.o
    0x08005c40   0x08005c40   0x00000054   Code   RO          319    .text.ai_mnetwork_init  app_x-cube-ai.o
    0x08005c94   0x08005c94   0x00000004   PAD
    0x08005c98   0x08005c98   0x0000001a   Code   RO          321    .text.ai_mnetwork_run  app_x-cube-ai.o
    0x08005cb2   0x08005cb2   0x00000006   PAD
    0x08005cb8   0x08005cb8   0x00000022   Code   RO           17    .text.ai_network_create  network.o
    0x08005cda   0x08005cda   0x00000006   PAD
    0x08005ce0   0x08005ce0   0x00000038   Code   RO          160    .text.ai_network_data_params_get  network_data.o
    0x08005d18   0x08005d18   0x00000004   Code   RO           27    .text.ai_network_destroy  network.o
    0x08005d1c   0x08005d1c   0x00000004   PAD
    0x08005d20   0x08005d20   0x00000006   Code   RO           31    .text.ai_network_forward  network.o
    0x08005d26   0x08005d26   0x00000002   PAD
    0x08005d28   0x08005d28   0x00000004   Code   RO           15    .text.ai_network_get_error  network.o
    0x08005d2c   0x08005d2c   0x00000004   PAD
    0x08005d30   0x08005d30   0x000000b6   Code   RO           13    .text.ai_network_get_report  network.o
    0x08005de6   0x08005de6   0x00000002   PAD
    0x08005de8   0x08005de8   0x0000013a   Code   RO           21    .text.ai_network_init  network.o
    0x08005f22   0x08005f22   0x00000006   PAD
    0x08005f28   0x08005f28   0x00000004   Code   RO           29    .text.ai_network_run  network.o
    0x08005f2c   0x08005f2c   0x00000004   PAD
    0x08005f30   0x08005f30   0x00000020   Code   RO          241    .text.crcIpInit     aitestutility.o
    0x08005f50   0x08005f50   0x00000094   Code   RO          245    .text.dwtCyclesToTime  aitestutility.o
    0x08005fe4   0x08005fe4   0x00000004   PAD
    0x08005fe8   0x08005fe8   0x00000030   Code   RO          225    .text.ioRawGetUint8  aitestutility.o
    0x08006018   0x08006018   0x0000002a   Code   RO          235    .text.lc_print      aitestutility.o
    0x08006042   0x08006042   0x00000006   PAD
    0x08006048   0x08006048   0x00000126   Code   RO          344    .text.main          main.o
    0x0800616e   0x0800616e   0x00000002   PAD
    0x08006170   0x08006170   0x000001dc   Code   RO          253    .text.systemSettingLog  aitestutility.o
    0x0800634c   0x0800634c   0x00000004   PAD
    0x08006350   0x08006350   0x000000e6   Code   RO          186    .text.user_observer_cb  aisystemperformance.o
    0x08006436   0x08006436   0x00000002   PAD
    0x08006438   0x08006438   0x000004d8   Code   RO          267    .text.vlc_print     lc_print.o
    0x08006910   0x08006910   0x000000e0   Code   RO         1491    i.CRC_Is_Enabled    NetworkRuntime720_CM7_Keil.lib(ai_platform_interface.o)
    0x080069f0   0x080069f0   0x000000f0   Code   RO         1492    i.CRC_Lock          NetworkRuntime720_CM7_Keil.lib(ai_platform_interface.o)
    0x08006ae0   0x08006ae0   0x00000026   Code   RO         2682    i.__ARM_fpclassifyf  m_wv.l(fpclassifyf.o)
    0x08006b06   0x08006b06   0x00000002   PAD
    0x08006b08   0x08006b08   0x000000f8   Code   RO         1590    i.__ai_math_dot_array  NetworkRuntime720_CM7_Keil.lib(layers_conv2d_generic_float.o)
    0x08006c00   0x08006c00   0x000001ec   Code   RO         2512    i.__hardfp_expf     m_wv.l(expf.o)
    0x08006dec   0x08006dec   0x00000006   Code   RO         2685    i.__mathlib_flt_infnan  m_wv.l(funder.o)
    0x08006df2   0x08006df2   0x00000002   PAD
    0x08006df4   0x08006df4   0x00000010   Code   RO         2688    i.__mathlib_flt_overflow  m_wv.l(funder.o)
    0x08006e04   0x08006e04   0x00000010   Code   RO         2690    i.__mathlib_flt_underflow  m_wv.l(funder.o)
    0x08006e14   0x08006e14   0x00000130   Code   RO         1591    i._ai_dict4_dot_array_f32  NetworkRuntime720_CM7_Keil.lib(layers_conv2d_generic_float.o)
    0x08006f44   0x08006f44   0x000000fc   Code   RO         1592    i._ai_dict8_dot_array_f32  NetworkRuntime720_CM7_Keil.lib(layers_conv2d_generic_float.o)
    0x08007040   0x08007040   0x00000012   Code   RO         1571    i._ai_forward_layer  NetworkRuntime720_CM7_Keil.lib(layers.o)
    0x08007052   0x08007052   0x00000004   Code   RO         1493    i._ai_platform_acquire_crc  NetworkRuntime720_CM7_Keil.lib(ai_platform_interface.o)
    0x08007056   0x08007056   0x00000002   PAD
    0x08007058   0x08007058   0x000000d0   Code   RO         1494    i._ai_platform_get_io_buffers_info  NetworkRuntime720_CM7_Keil.lib(ai_platform_interface.o)
    0x08007128   0x08007128   0x00000002   Code   RO         1495    i._ai_platform_release_crc  NetworkRuntime720_CM7_Keil.lib(ai_platform_interface.o)
    0x0800712a   0x0800712a   0x0000004a   Code   RO         1496    i._platform_ai_buffer_array_copy  NetworkRuntime720_CM7_Keil.lib(ai_platform_interface.o)
    0x08007174   0x08007174   0x00000050   Code   RO         1497    i._platform_get_table_map_from_buffer  NetworkRuntime720_CM7_Keil.lib(ai_platform_interface.o)
    0x080071c4   0x080071c4   0x00000044   Code   RO         1498    i._platform_get_table_map_from_buffer_array  NetworkRuntime720_CM7_Keil.lib(ai_platform_interface.o)
    0x08007208   0x08007208   0x00000014   Code   RO         1499    i._platform_network_buffers_signature_valid  NetworkRuntime720_CM7_Keil.lib(ai_platform_interface.o)
    0x0800721c   0x0800721c   0x00000210   Code   RO         1500    i._platform_network_io_bind  NetworkRuntime720_CM7_Keil.lib(ai_platform_interface.o)
    0x0800742c   0x0800742c   0x0000003e   Code   RO         1501    i._platform_network_state_setup  NetworkRuntime720_CM7_Keil.lib(ai_platform_interface.o)
    0x0800746a   0x0800746a   0x0000006c   Code   RO         1502    i._platform_network_state_update_input  NetworkRuntime720_CM7_Keil.lib(ai_platform_interface.o)
    0x080074d6   0x080074d6   0x00000080   Code   RO         1503    i._platform_network_state_update_output  NetworkRuntime720_CM7_Keil.lib(ai_platform_interface.o)
    0x08007556   0x08007556   0x000000cc   Code   RO         1504    i._platform_observer_node_exec_cb  NetworkRuntime720_CM7_Keil.lib(ai_platform_interface.o)
    0x08007622   0x08007622   0x0000003c   Code   RO         1811    i.ai_array_get_byte_size  NetworkRuntime720_CM7_Keil.lib(ai_datatypes_format.o)
    0x0800765e   0x0800765e   0x0000001e   Code   RO         1812    i.ai_array_get_data_byte_size  NetworkRuntime720_CM7_Keil.lib(ai_datatypes_format.o)
    0x0800767c   0x0800767c   0x0000012c   Code   RO         1814    i.ai_array_to_buffer_fmt  NetworkRuntime720_CM7_Keil.lib(ai_datatypes_format.o)
    0x080077a8   0x080077a8   0x00000024   Code   RO         1477    i.ai_buffer_array_item_set_address  NetworkRuntime720_CM7_Keil.lib(ai_platform.o)
    0x080077cc   0x080077cc   0x00000012   Code   RO         1478    i.ai_buffer_array_sane  NetworkRuntime720_CM7_Keil.lib(ai_platform.o)
    0x080077de   0x080077de   0x00000010   Code   RO         1479    i.ai_buffer_get_byte_size  NetworkRuntime720_CM7_Keil.lib(ai_platform.o)
    0x080077ee   0x080077ee   0x00000002   PAD
    0x080077f0   0x080077f0   0x00000068   Code   RO         1480    i.ai_buffer_get_size  NetworkRuntime720_CM7_Keil.lib(ai_platform.o)
    0x08007858   0x08007858   0x0000002c   Code   RO         1572    i.ai_check_custom_types  NetworkRuntime720_CM7_Keil.lib(layers.o)
    0x08007884   0x08007884   0x00000130   Code   RO         1593    i.ai_conv2d_kernel_depthwise_f32  NetworkRuntime720_CM7_Keil.lib(layers_conv2d_generic_float.o)
    0x080079b4   0x080079b4   0x00000180   Code   RO         1594    i.ai_conv2d_kernel_group_f32  NetworkRuntime720_CM7_Keil.lib(layers_conv2d_generic_float.o)
    0x08007b34   0x08007b34   0x00000172   Code   RO         1595    i.ai_conv2d_kernel_simple_opt_f32  NetworkRuntime720_CM7_Keil.lib(layers_conv2d_generic_float.o)
    0x08007ca6   0x08007ca6   0x00000002   PAD
    0x08007ca8   0x08007ca8   0x0000026c   Code   RO         1596    i.ai_conv2d_stripe_f32  NetworkRuntime720_CM7_Keil.lib(layers_conv2d_generic_float.o)
    0x08007f14   0x08007f14   0x0000007a   Code   RO         1599    i.ai_dict_decompress_f32  NetworkRuntime720_CM7_Keil.lib(layers_conv2d_generic_float.o)
    0x08007f8e   0x08007f8e   0x00000086   Code   RO         1573    i.ai_layer_type_is_valid  NetworkRuntime720_CM7_Keil.lib(layers.o)
    0x08008014   0x08008014   0x000003b4   Code   RO         1574    i.ai_layer_type_name  NetworkRuntime720_CM7_Keil.lib(layers.o)
    0x080083c8   0x080083c8   0x00000036   Code   RO         1575    i.ai_layers_destroy_all  NetworkRuntime720_CM7_Keil.lib(layers.o)
    0x080083fe   0x080083fe   0x0000004e   Code   RO         1576    i.ai_layers_forward_all  NetworkRuntime720_CM7_Keil.lib(layers.o)
    0x0800844c   0x0800844c   0x0000001e   Code   RO         1577    i.ai_layers_init_all  NetworkRuntime720_CM7_Keil.lib(layers.o)
    0x0800846a   0x0800846a   0x00000036   Code   RO         1578    i.ai_layers_post_init_all  NetworkRuntime720_CM7_Keil.lib(layers.o)
    0x080084a0   0x080084a0   0x0000018c   Code   RO         1505    i.ai_platform_api_get_network_report  NetworkRuntime720_CM7_Keil.lib(ai_platform_interface.o)
    0x0800862c   0x0800862c   0x00000014   Code   RO         1506    i.ai_platform_api_get_version  NetworkRuntime720_CM7_Keil.lib(ai_platform_interface.o)
    0x08008640   0x08008640   0x0000002c   Code   RO         1507    i.ai_platform_bind_network_params  NetworkRuntime720_CM7_Keil.lib(ai_platform_interface.o)
    0x0800866c   0x0800866c   0x0000001c   Code   RO         1508    i.ai_platform_context_acquire  NetworkRuntime720_CM7_Keil.lib(ai_platform_interface.o)
    0x08008688   0x08008688   0x0000002c   Code   RO         1510    i.ai_platform_get_activations_map  NetworkRuntime720_CM7_Keil.lib(ai_platform_interface.o)
    0x080086b4   0x080086b4   0x00000028   Code   RO         1511    i.ai_platform_get_weights_map  NetworkRuntime720_CM7_Keil.lib(ai_platform_interface.o)
    0x080086dc   0x080086dc   0x00000014   Code   RO         1513    i.ai_platform_interface_api_get_version  NetworkRuntime720_CM7_Keil.lib(ai_platform_interface.o)
    0x080086f0   0x080086f0   0x000000b4   Code   RO         1514    i.ai_platform_network_create  NetworkRuntime720_CM7_Keil.lib(ai_platform_interface.o)
    0x080087a4   0x080087a4   0x00000016   Code   RO         1515    i.ai_platform_network_destroy  NetworkRuntime720_CM7_Keil.lib(ai_platform_interface.o)
    0x080087ba   0x080087ba   0x00000002   PAD
    0x080087bc   0x080087bc   0x0000001c   Code   RO         1516    i.ai_platform_network_get_error  NetworkRuntime720_CM7_Keil.lib(ai_platform_interface.o)
    0x080087d8   0x080087d8   0x0000010c   Code   RO         1517    i.ai_platform_network_init  NetworkRuntime720_CM7_Keil.lib(ai_platform_interface.o)
    0x080088e4   0x080088e4   0x00000046   Code   RO         1518    i.ai_platform_network_post_init  NetworkRuntime720_CM7_Keil.lib(ai_platform_interface.o)
    0x0800892a   0x0800892a   0x00000054   Code   RO         1519    i.ai_platform_network_process  NetworkRuntime720_CM7_Keil.lib(ai_platform_interface.o)
    0x0800897e   0x0800897e   0x0000000c   Code   RO         1520    i.ai_platform_network_set_error  NetworkRuntime720_CM7_Keil.lib(ai_platform_interface.o)
    0x0800898a   0x0800898a   0x00000076   Code   RO         1521    i.ai_platform_observer_node_info  NetworkRuntime720_CM7_Keil.lib(ai_platform_interface.o)
    0x08008a00   0x08008a00   0x00000070   Code   RO         1522    i.ai_platform_observer_register  NetworkRuntime720_CM7_Keil.lib(ai_platform_interface.o)
    0x08008a70   0x08008a70   0x00000028   Code   RO         1524    i.ai_platform_observer_unregister  NetworkRuntime720_CM7_Keil.lib(ai_platform_interface.o)
    0x08008a98   0x08008a98   0x00000010   Code   RO         1527    i.ai_platform_runtime_get_revision  NetworkRuntime720_CM7_Keil.lib(ai_platform_interface.o)
    0x08008aa8   0x08008aa8   0x00000014   Code   RO         1528    i.ai_platform_runtime_get_version  NetworkRuntime720_CM7_Keil.lib(ai_platform_interface.o)
    0x08008abc   0x08008abc   0x00000016   Code   RO         1834    i.ai_platform_version_get  NetworkRuntime720_CM7_Keil.lib(ai_datatypes_internal.o)
    0x08008ad2   0x08008ad2   0x0000001a   Code   RO         1633    i.ai_shape_get_size  NetworkRuntime720_CM7_Keil.lib(layers_nl_generic_float.o)
    0x08008aec   0x08008aec   0x0000000c   Code   RO         1835    i.ai_version_get    NetworkRuntime720_CM7_Keil.lib(ai_datatypes_internal.o)
    0x08008af8   0x08008af8   0x0000000c   Code   RO         2281    i.core_get_error    NetworkRuntime720_CM7_Keil.lib(core_common.o)
    0x08008b04   0x08008b04   0x00000004   Code   RO         2282    i.core_init         NetworkRuntime720_CM7_Keil.lib(core_common.o)
    0x08008b08   0x08008b08   0x00000016   Code   RO         2287    i.core_mem_alloc    NetworkRuntime720_CM7_Keil.lib(core_mem_manager.o)
    0x08008b1e   0x08008b1e   0x0000000a   Code   RO         2288    i.core_mem_free     NetworkRuntime720_CM7_Keil.lib(core_mem_manager.o)
    0x08008b28   0x08008b28   0x0000001a   Code   RO         2289    i.core_mem_free_    NetworkRuntime720_CM7_Keil.lib(core_mem_manager.o)
    0x08008b42   0x08008b42   0x00000012   Code   RO         2291    i.core_mem_unmarshal_  NetworkRuntime720_CM7_Keil.lib(core_mem_manager.o)
    0x08008b54   0x08008b54   0x00000012   Code   RO         1601    i.core_nl_get_params_byte_size  NetworkRuntime720_CM7_Keil.lib(layers_conv2d_generic_float.o)
    0x08008b66   0x08008b66   0x00000012   Code   RO         1602    i.core_nl_get_params_ptr  NetworkRuntime720_CM7_Keil.lib(layers_conv2d_generic_float.o)
    0x08008b78   0x08008b78   0x00000010   Code   RO         1603    i.core_nl_get_params_stride  NetworkRuntime720_CM7_Keil.lib(layers_conv2d_generic_float.o)
    0x08008b88   0x08008b88   0x0000001a   Code   RO         2283    i.core_set_error    NetworkRuntime720_CM7_Keil.lib(core_common.o)
    0x08008ba2   0x08008ba2   0x00000002   PAD
    0x08008ba4   0x08008ba4   0x000002bc   Code   RO         1604    i.forward_conv2d    NetworkRuntime720_CM7_Keil.lib(layers_conv2d_generic_float.o)
    0x08008e60   0x08008e60   0x0000020c   Code   RO         1606    i.forward_dense     NetworkRuntime720_CM7_Keil.lib(layers_conv2d_generic_float.o)
    0x0800906c   0x0800906c   0x0000009a   Code   RO         1658    i.forward_relu      NetworkRuntime720_CM7_Keil.lib(layers_nl_generic_float.o)
    0x08009106   0x08009106   0x0000006c   Code   RO         1667    i.forward_sm        NetworkRuntime720_CM7_Keil.lib(layers_nl_generic_float.o)
    0x08009172   0x08009172   0x00000002   Code   RO         1609    i.func_dummy        NetworkRuntime720_CM7_Keil.lib(layers_conv2d_generic_float.o)
    0x08009174   0x08009174   0x00000028   Code   RO         1836    i.get_tensor_byte_size  NetworkRuntime720_CM7_Keil.lib(ai_datatypes_internal.o)
    0x0800919c   0x0800919c   0x00000038   Code   RO         1700    i.nl_func_relu_array_f32  NetworkRuntime720_CM7_Keil.lib(layers_nl_generic_float.o)
    0x080091d4   0x080091d4   0x000000c8   Code   RO         1701    i.nl_func_relu_generic_array_f32  NetworkRuntime720_CM7_Keil.lib(layers_nl_generic_float.o)
    0x0800929c   0x0800929c   0x00000048   Code   RO         1702    i.nl_func_relu_thresholded_array_f32  NetworkRuntime720_CM7_Keil.lib(layers_nl_generic_float.o)
    0x080092e4   0x080092e4   0x0000004e   Code   RO         1710    i.nl_func_sm_array_f32  NetworkRuntime720_CM7_Keil.lib(layers_nl_generic_float.o)
    0x08009332   0x08009332   0x00000002   PAD
    0x08009334   0x08009334   0x00000094   Code   RO         1711    i.nl_func_sm_channel_f32  NetworkRuntime720_CM7_Keil.lib(layers_nl_generic_float.o)
    0x080093c8   0x080093c8   0x0000009c   Code   RO         2665    x$fpl$dnaninf       fz_wv.l(dnaninf.o)
    0x08009464   0x08009464   0x00000060   Code   RO         2450    x$fpl$ffltll        fz_wv.l(ffltll_clz.o)
    0x080094c4   0x080094c4   0x0000001a   Code   RO         2785    x$fpl$fpinit        fz_wv.l(fpinit.o)
    0x080094de   0x080094de   0x00000002   PAD
    0x080094e0   0x080094e0   0x00000078   Code   RO         2442    x$fpl$llufromd      fz_wv.l(dfixull.o)
    0x08009558   0x08009558   0x00000000   Code   RO         2675    x$fpl$usenofp       fz_wv.l(usenofp.o)
    0x08009558   0x08009558   0x0000006c   Data   RO         1529    .constdata          NetworkRuntime720_CM7_Keil.lib(ai_platform_interface.o)
    0x080095c4   0x080095c4   0x00000030   Data   RO         2515    .constdata          m_wv.l(expf.o)
    0x080095f4   0x080095f4   0x00000004   PAD
    0x080095f8   0x080095f8   0x00000008   Data   RO          166    .rodata..L__const.ai_network_data_params_get.map_activations  network_data.o
    0x08009600   0x08009600   0x00000008   Data   RO          167    .rodata..L__const.ai_network_data_params_get.map_weights  network_data.o
    0x08009608   0x08009608   0x00000006   Data   RO         1412    .rodata..Lswitch.table.UART_SetConfig.5  stm32h7xx_hal_uart.o
    0x0800960e   0x0800960e   0x00000006   Data   RO         1413    .rodata..Lswitch.table.UART_SetConfig.7  stm32h7xx_hal_uart.o
    0x08009614   0x08009614   0x00000010   Data   RO         1465    .rodata.D1CorePrescTable  system_stm32h7xx.o
    0x08009624   0x08009624   0x00000018   Data   RO         1411    .rodata.UARTPrescTable  stm32h7xx_hal_uart.o
    0x0800963c   0x0800963c   0x00000008   Data   RO          296    .rodata.__stderr_name  syscalls.o
    0x08009644   0x08009644   0x00000007   Data   RO          294    .rodata.__stdin_name  syscalls.o
    0x0800964b   0x0800964b   0x00000008   Data   RO          295    .rodata.__stdout_name  syscalls.o
    0x08009653   0x08009653   0x00000001   PAD
    0x08009654   0x08009654   0x00000008   Data   RO           60    .rodata.conv1d_1_conv2d_chain  network.o
    0x0800965c   0x0800965c   0x00000008   Data   RO           56    .rodata.conv1d_conv2d_chain  network.o
    0x08009664   0x08009664   0x00000010   Data   RO         1452    .rodata.cst8        stm32h7xx_hal_uart_ex.o
    0x08009674   0x08009674   0x00000008   Data   RO           69    .rodata.dense_1_chain  network.o
    0x0800967c   0x0800967c   0x00000008   Data   RO           68    .rodata.dense_1_dense_chain  network.o
    0x08009684   0x08009684   0x00000008   Data   RO           66    .rodata.dense_chain  network.o
    0x0800968c   0x0800968c   0x00000008   Data   RO           64    .rodata.dense_dense_chain  network.o
    0x08009694   0x08009694   0x0000002c   Data   RO          333    .rodata.networks    app_x-cube-ai.o
    0x080096c0   0x080096c0   0x0000bcb0   Data   RO          177    .rodata.s_network_weights_array_u64  network_data_params.o
    0x08015370   0x08015370   0x00000057   Data   RO           33    .rodata.str1.1      network.o
    0x080153c7   0x080153c7   0x000004e4   Data   RO          197    .rodata.str1.1      aisystemperformance.o
    0x080158ab   0x080158ab   0x00000112   Data   RO          216    .rodata.str1.1      aitesthelper.o
    0x080159bd   0x080159bd   0x00000119   Data   RO          257    .rodata.str1.1      aitestutility.o
    0x08015ad6   0x08015ad6   0x00000007   Data   RO          271    .rodata.str1.1      lc_print.o
    0x08015add   0x08015add   0x00000003   PAD
    0x08015ae0   0x08015ae0   0x00000020   Data   RO         2863    Region$$Table       anon$$obj.o


    Execution Region RW_IRAM1 (Exec base: 0x20000000, Load base: 0x08015b00, Size: 0x00000000, Max: 0x00020000, ABSOLUTE)

    **** No section assigned to this execution region ****


    Execution Region RW_IRAM2 (Exec base: 0x24000000, Load base: 0x08015b00, Size: 0x000023f0, Max: 0x00080000, ABSOLUTE, COMPRESSED[0x00000320])

    Exec Addr    Load Addr    Size         Type   Attr      Idx    E Section Name        Object

    0x24000000   COMPRESSED   0x00000004   Data   RW         2412    .data               c_w.l(stdio_streams.o)
    0x24000004   COMPRESSED   0x00000004   Data   RW         2413    .data               c_w.l(stdio_streams.o)
    0x24000008   COMPRESSED   0x00000004   Data   RW         2414    .data               c_w.l(stdio_streams.o)
    0x2400000c   COMPRESSED   0x00000070   Data   RW          143    .data..L_MergedGlobals  network.o
    0x2400007c   COMPRESSED   0x00000008   Data   RW         1068    .data..L_MergedGlobals  stm32h7xx_hal.o
    0x24000084   COMPRESSED   0x00000008   Data   RW         1466    .data..L_MergedGlobals  system_stm32h7xx.o
    0x2400008c   COMPRESSED   0x00000070   Data   RW          144    .data..L_MergedGlobals.102  network.o
    0x240000fc   COMPRESSED   0x00000010   Data   RW           34    .data..compoundliteral  network.o
    0x2400010c   COMPRESSED   0x00000010   Data   RW          162    .data..compoundliteral  network_data.o
    0x2400011c   COMPRESSED   0x00000010   Data   RW          164    .data..compoundliteral.1  network_data.o
    0x2400012c   COMPRESSED   0x00000010   Data   RW          140    .data..compoundliteral.100  network.o
    0x2400013c   COMPRESSED   0x0000000c   Data   RW           42    .data..compoundliteral.12  network.o
    0x24000148   COMPRESSED   0x00000004   Data   RW           43    .data..compoundliteral.13  network.o
    0x2400014c   COMPRESSED   0x0000000c   Data   RW           47    .data..compoundliteral.17  network.o
    0x24000158   COMPRESSED   0x00000018   Data   RW           48    .data..compoundliteral.18  network.o
    0x24000170   COMPRESSED   0x00000010   Data   RW           50    .data..compoundliteral.20  network.o
    0x24000180   COMPRESSED   0x00000010   Data   RW           51    .data..compoundliteral.21  network.o
    0x24000190   COMPRESSED   0x00000010   Data   RW           53    .data..compoundliteral.23  network.o
    0x240001a0   COMPRESSED   0x00000010   Data   RW           54    .data..compoundliteral.24  network.o
    0x240001b0   COMPRESSED   0x00000004   Data   RW           70    .data..compoundliteral.30  network.o
    0x240001b4   COMPRESSED   0x00000004   Data   RW           71    .data..compoundliteral.31  network.o
    0x240001b8   COMPRESSED   0x00000030   Data   RW           74    .data..compoundliteral.34  network.o
    0x240001e8   COMPRESSED   0x00000010   Data   RW           75    .data..compoundliteral.35  network.o
    0x240001f8   COMPRESSED   0x00000010   Data   RW           76    .data..compoundliteral.36  network.o
    0x24000208   COMPRESSED   0x00000004   Data   RW           78    .data..compoundliteral.38  network.o
    0x2400020c   COMPRESSED   0x00000004   Data   RW           79    .data..compoundliteral.39  network.o
    0x24000210   COMPRESSED   0x00000008   Data   RW           80    .data..compoundliteral.40  network.o
    0x24000218   COMPRESSED   0x00000030   Data   RW           82    .data..compoundliteral.42  network.o
    0x24000248   COMPRESSED   0x00000010   Data   RW           83    .data..compoundliteral.43  network.o
    0x24000258   COMPRESSED   0x00000010   Data   RW           84    .data..compoundliteral.44  network.o
    0x24000268   COMPRESSED   0x00000010   Data   RW           86    .data..compoundliteral.46  network.o
    0x24000278   COMPRESSED   0x00000010   Data   RW           87    .data..compoundliteral.47  network.o
    0x24000288   COMPRESSED   0x00000010   Data   RW           89    .data..compoundliteral.49  network.o
    0x24000298   COMPRESSED   0x0000001c   Data   RW           35    .data..compoundliteral.5  network.o
    0x240002b4   COMPRESSED   0x00000010   Data   RW           90    .data..compoundliteral.50  network.o
    0x240002c4   COMPRESSED   0x00000004   Data   RW           92    .data..compoundliteral.52  network.o
    0x240002c8   COMPRESSED   0x00000004   Data   RW           93    .data..compoundliteral.53  network.o
    0x240002cc   COMPRESSED   0x00000030   Data   RW           96    .data..compoundliteral.56  network.o
    0x240002fc   COMPRESSED   0x00000010   Data   RW           97    .data..compoundliteral.57  network.o
    0x2400030c   COMPRESSED   0x00000010   Data   RW           98    .data..compoundliteral.58  network.o
    0x2400031c   COMPRESSED   0x00000010   Data   RW           36    .data..compoundliteral.6  network.o
    0x2400032c   COMPRESSED   0x00000004   Data   RW          100    .data..compoundliteral.60  network.o
    0x24000330   COMPRESSED   0x00000004   Data   RW          101    .data..compoundliteral.61  network.o
    0x24000334   COMPRESSED   0x00000008   Data   RW          102    .data..compoundliteral.62  network.o
    0x2400033c   COMPRESSED   0x00000030   Data   RW          104    .data..compoundliteral.64  network.o
    0x2400036c   COMPRESSED   0x00000010   Data   RW          105    .data..compoundliteral.65  network.o
    0x2400037c   COMPRESSED   0x00000010   Data   RW          106    .data..compoundliteral.66  network.o
    0x2400038c   COMPRESSED   0x00000010   Data   RW          108    .data..compoundliteral.68  network.o
    0x2400039c   COMPRESSED   0x00000010   Data   RW          109    .data..compoundliteral.69  network.o
    0x240003ac   COMPRESSED   0x0000001c   Data   RW           37    .data..compoundliteral.7  network.o
    0x240003c8   COMPRESSED   0x00000010   Data   RW          111    .data..compoundliteral.71  network.o
    0x240003d8   COMPRESSED   0x00000010   Data   RW          112    .data..compoundliteral.72  network.o
    0x240003e8   COMPRESSED   0x00000004   Data   RW          114    .data..compoundliteral.74  network.o
    0x240003ec   COMPRESSED   0x00000004   Data   RW          115    .data..compoundliteral.75  network.o
    0x240003f0   COMPRESSED   0x0000000c   Data   RW          116    .data..compoundliteral.76  network.o
    0x240003fc   COMPRESSED   0x00000030   Data   RW          118    .data..compoundliteral.78  network.o
    0x2400042c   COMPRESSED   0x00000010   Data   RW          119    .data..compoundliteral.79  network.o
    0x2400043c   COMPRESSED   0x00000004   Data   RW           38    .data..compoundliteral.8  network.o
    0x24000440   COMPRESSED   0x00000010   Data   RW          120    .data..compoundliteral.80  network.o
    0x24000450   COMPRESSED   0x00000010   Data   RW          122    .data..compoundliteral.82  network.o
    0x24000460   COMPRESSED   0x00000010   Data   RW          123    .data..compoundliteral.83  network.o
    0x24000470   COMPRESSED   0x00000010   Data   RW          125    .data..compoundliteral.85  network.o
    0x24000480   COMPRESSED   0x00000010   Data   RW          126    .data..compoundliteral.86  network.o
    0x24000490   COMPRESSED   0x00000010   Data   RW          128    .data..compoundliteral.88  network.o
    0x240004a0   COMPRESSED   0x00000010   Data   RW          129    .data..compoundliteral.89  network.o
    0x240004b0   COMPRESSED   0x00000004   Data   RW          131    .data..compoundliteral.91  network.o
    0x240004b4   COMPRESSED   0x00000004   Data   RW          132    .data..compoundliteral.92  network.o
    0x240004b8   COMPRESSED   0x0000000c   Data   RW          133    .data..compoundliteral.93  network.o
    0x240004c4   COMPRESSED   0x00000030   Data   RW          135    .data..compoundliteral.95  network.o
    0x240004f4   COMPRESSED   0x00000010   Data   RW          136    .data..compoundliteral.96  network.o
    0x24000504   COMPRESSED   0x00000010   Data   RW          137    .data..compoundliteral.97  network.o
    0x24000514   COMPRESSED   0x00000010   Data   RW          139    .data..compoundliteral.99  network.o
    0x24000524   COMPRESSED   0x0000001c   Data   RW          130    .data.conv1d_1_conv2d_bias  network.o
    0x24000540   COMPRESSED   0x00000040   Data   RW           62    .data.conv1d_1_conv2d_layer  network.o
    0x24000580   COMPRESSED   0x0000001c   Data   RW          124    .data.conv1d_1_conv2d_output  network.o
    0x2400059c   COMPRESSED   0x0000001c   Data   RW          107    .data.conv1d_1_conv2d_output0  network.o
    0x240005b8   COMPRESSED   0x0000001c   Data   RW          127    .data.conv1d_1_conv2d_weights  network.o
    0x240005d4   COMPRESSED   0x0000001c   Data   RW          142    .data.conv1d_conv2d_bias  network.o
    0x240005f0   COMPRESSED   0x00000010   Data   RW          141    .data.conv1d_conv2d_bias_array  network.o
    0x24000600   COMPRESSED   0x00000040   Data   RW           58    .data.conv1d_conv2d_layer  network.o
    0x24000640   COMPRESSED   0x0000001c   Data   RW          121    .data.conv1d_conv2d_output  network.o
    0x2400065c   COMPRESSED   0x0000001c   Data   RW          138    .data.conv1d_conv2d_weights  network.o
    0x24000678   COMPRESSED   0x00000004   Data   RW          332    .data.data_activations0  app_x-cube-ai.o
    0x2400067c   COMPRESSED   0x00000004   Data   RW          328    .data.data_ins      app_x-cube-ai.o
    0x24000680   COMPRESSED   0x00000004   Data   RW          330    .data.data_outs     app_x-cube-ai.o
    0x24000684   COMPRESSED   0x0000001c   Data   RW           91    .data.dense_1_dense_bias  network.o
    0x240006a0   COMPRESSED   0x0000001c   Data   RW           65    .data.dense_1_dense_layer  network.o
    0x240006bc   COMPRESSED   0x0000001c   Data   RW           77    .data.dense_1_dense_output  network.o
    0x240006d8   COMPRESSED   0x0000001c   Data   RW           88    .data.dense_1_dense_weights  network.o
    0x240006f4   COMPRESSED   0x00000020   Data   RW           67    .data.dense_1_layer  network.o
    0x24000714   COMPRESSED   0x0000001c   Data   RW           55    .data.dense_1_output  network.o
    0x24000730   COMPRESSED   0x0000001c   Data   RW          113    .data.dense_dense_bias  network.o
    0x2400074c   COMPRESSED   0x0000001c   Data   RW           59    .data.dense_dense_layer  network.o
    0x24000768   COMPRESSED   0x0000001c   Data   RW           99    .data.dense_dense_output  network.o
    0x24000784   COMPRESSED   0x0000001c   Data   RW          110    .data.dense_dense_weights  network.o
    0x240007a0   COMPRESSED   0x00000020   Data   RW           63    .data.dense_layer   network.o
    0x240007c0   COMPRESSED   0x0000001c   Data   RW           85    .data.dense_output  network.o
    0x240007dc   COMPRESSED   0x0000004c   Data   RW           49    .data.g_network     network.o
    0x24000828   COMPRESSED   0x0000001c   Data   RW          163    .data.g_network_data_map_activations  network_data.o
    0x24000844   COMPRESSED   0x0000001c   Data   RW          165    .data.g_network_data_map_weights  network_data.o
    0x24000860   COMPRESSED   0x0000001c   Data   RW           52    .data.input_0_output  network.o
    0x2400087c   COMPRESSED   0x00000004   Data   RW          198    .data.profiling_factor  aisystemperformance.o
    0x24000880        -       0x00000054   Zero   RW         2409    .bss                c_w.l(stdio_streams.o)
    0x240008d4        -       0x00000054   Zero   RW         2410    .bss                c_w.l(stdio_streams.o)
    0x24000928        -       0x00000054   Zero   RW         2411    .bss                c_w.l(stdio_streams.o)
    0x2400097c        -       0x000000e4   Zero   RW         2419    .bss                c_w.l(rand.o)
    0x24000a60        -       0x00000060   Zero   RW         2712    .bss                c_w.l(libspace.o)
    0x24000ac0        -       0x00000030   Zero   RW          199    .bss..L_MergedGlobals  aisystemperformance.o
    0x24000af0        -       0x00000008   Zero   RW          145    .bss..L_MergedGlobals.103  network.o
    0x24000af8        -       0x0000001c   Zero   RW           40    .bss..compoundliteral.10  network.o
    0x24000b14        -       0x00000008   Zero   RW           41    .bss..compoundliteral.11  network.o
    0x24000b1c        -       0x00000010   Zero   RW           44    .bss..compoundliteral.14  network.o
    0x24000b2c        -       0x0000001c   Zero   RW           45    .bss..compoundliteral.15  network.o
    0x24000b48        -       0x00000008   Zero   RW           46    .bss..compoundliteral.16  network.o
    0x24000b50        -       0x00000010   Zero   RW           57    .bss..compoundliteral.26  network.o
    0x24000b60        -       0x00000010   Zero   RW           61    .bss..compoundliteral.28  network.o
    0x24000b70        -       0x00000004   Zero   RW           72    .bss..compoundliteral.32  network.o
    0x24000b74        -       0x00000004   Zero   RW           73    .bss..compoundliteral.33  network.o
    0x24000b78        -       0x00000004   Zero   RW           81    .bss..compoundliteral.41  network.o
    0x24000b7c        -       0x00000004   Zero   RW           94    .bss..compoundliteral.54  network.o
    0x24000b80        -       0x00000004   Zero   RW           95    .bss..compoundliteral.55  network.o
    0x24000b84        -       0x00000004   Zero   RW          103    .bss..compoundliteral.63  network.o
    0x24000b88        -       0x00000004   Zero   RW          117    .bss..compoundliteral.77  network.o
    0x24000b8c        -       0x00000010   Zero   RW           39    .bss..compoundliteral.9  network.o
    0x24000b9c        -       0x00000004   Zero   RW          134    .bss..compoundliteral.94  network.o
    0x24000ba0        -       0x00000001   Zero   RW          255    .bss._ioWriteAllowed  aitestutility.o
    0x24000ba1   COMPRESSED   0x00000003   PAD
    0x24000ba4        -       0x0000000c   Zero   RW          258    .bss.cyclesCount    aitestutility.o
    0x24000bb0        -       0x00000001   Zero   RW          327    .bss.data_in_1      app_x-cube-ai.o
    0x24000bb1   COMPRESSED   0x00000003   PAD
    0x24000bb4        -       0x00000001   Zero   RW          329    .bss.data_out_1     app_x-cube-ai.o
    0x24000bb5   COMPRESSED   0x00000003   PAD
    0x24000bb8        -       0x00000040   Zero   RW          335    .bss.gnetworks      app_x-cube-ai.o
    0x24000bf8        -       0x00000024   Zero   RW          373    .bss.hcrc           crc.o
    0x24000c1c        -       0x00000090   Zero   RW          388    .bss.huart1         usart.o
    0x24000cac        -       0x00000080   Zero   RW          196    .bss.net_exec_ctx   aisystemperformance.o
    0x24000d2c   COMPRESSED   0x00000014   PAD
    0x24000d40        -       0x000006ac   Zero   RW          331    .bss.pool0          app_x-cube-ai.o
    0x240013ec        -       0x00000004   Zero   RW         1067    .bss.uwTick         stm32h7xx_hal.o
    0x240013f0        -       0x00000800   Zero   RW            2    HEAP                startup_stm32h743xx.o
    0x24001bf0        -       0x00000800   Zero   RW            1    STACK               startup_stm32h743xx.o


==============================================================================

Image component sizes


      Code (inc. data)   RO Data    RW Data    ZI Data      Debug   Object Name

      4122        544       1252          4        176      14510   aisystemperformance.o
      1712        424        274          0          0       5079   aitesthelper.o
       792        140        281          0         13      10913   aitestutility.o
       568          0         44         12       1774       9146   app_x-cube-ai.o
        96          0          0          0         36       3735   crc.o
        50          0          0          0          0       2232   gpio.o
      1658        182          7          0          0       6891   lc_print.o
       620          0          0          0          0       6377   main.o
       548          0        135       2044        176      12848   network.o
        56          0         16         88          0       3362   network_data.o
         0          0      48304          0          0        801   network_data_params.o
        64         26        664          0       4096        856   startup_stm32h743xx.o
       292          0          0          8          4      14980   stm32h7xx_hal.o
       170          0          0          0          0      12288   stm32h7xx_hal_cortex.o
       126          0          0          0          0       8058   stm32h7xx_hal_crc.o
       140          4          0          0          0       2878   stm32h7xx_hal_crc_ex.o
       486          0          0          0          0       7112   stm32h7xx_hal_gpio.o
        32          0          0          0          0       2231   stm32h7xx_hal_msp.o
        76          0          0          0          0      10623   stm32h7xx_hal_pwr_ex.o
      2558         16          0          0          0      11747   stm32h7xx_hal_rcc.o
      4574        172          0          0          0      19780   stm32h7xx_hal_rcc_ex.o
      2650        332         36          0          0      42798   stm32h7xx_hal_uart.o
       342          0         16          0          0      11320   stm32h7xx_hal_uart_ex.o
        20          0          0          0          0       1164   stm32h7xx_it.o
       148          0         23          0          0       2053   syscalls.o
       204          0         16          8          0       5934   system_stm32h7xx.o
       256          0          0          0        144       8090   usart.o

    ----------------------------------------------------------------------
     22640       1860      51104       2164       6448     237806   Object Totals
         0          0         32          0          0          0   (incl. Generated)
       280         20          4          0         29          0   (incl. Padding)

    ----------------------------------------------------------------------

      Code (inc. data)   RO Data    RW Data    ZI Data      Debug   Library Member Name

       390         54          0          0          0        368   ai_datatypes_format.o
        74          6          0          0          0        360   ai_datatypes_internal.o
       174          8          0          0          0        484   ai_platform.o
      3512        164        108          0          0       4288   ai_platform_interface.o
        42          0          0          0          0        348   core_common.o
        76          0          0          0          0        480   core_mem_manager.o
      1360        656          0          0          0       1000   layers.o
      3882         40          0          0          0       1912   layers_conv2d_generic_float.o
       842         22          0          0          0       1076   layers_nl_generic_float.o
        90          0          0          0          0          0   __dczerorl2.o
         8          0          0          0          0         68   __main.o
         0          0          0          0          0          0   __rtentry.o
        12          0          0          0          0          0   __rtentry2.o
         6          0          0          0          0          0   __rtentry4.o
        52          8          0          0          0          0   __scatter.o
        28          0          0          0          0          0   __scatter_zi.o
        22          0          0          0          0        100   _rserrno.o
        16          0          0          0          0         68   aeabi_memset.o
        40          0          0          0          0         80   calloc.o
        10          0          0          0          0         68   defsig_exit.o
        50          0          0          0          0         88   defsig_general.o
        80         58          0          0          0         76   defsig_rtmem_inner.o
        14          0          0          0          0         80   defsig_rtmem_outer.o
        52         38          0          0          0         76   defsig_rtred_inner.o
        14          0          0          0          0         80   defsig_rtred_outer.o
        18          0          0          0          0         80   exit.o
        76          0          0          0          0         88   fclose.o
       100          4          0          0          0        120   fflush.o
       240          6          0          0          0        128   fopen.o
       248          6          0          0          0         84   fseek.o
        66          0          0          0          0         76   ftell.o
        94          0          0          0          0         80   h1_alloc.o
        52          0          0          0          0         68   h1_extend.o
        78          0          0          0          0         80   h1_free.o
        14          0          0          0          0         84   h1_init.o
         6          0          0          0          0        152   heapauxi.o
         4          0          0          0          0        136   hguard.o
         0          0          0          0          0          0   indicate_semi.o
       138          0          0          0          0        168   init_alloc.o
       312         46          0          0          0        112   initio.o
         2          0          0          0          0          0   libinit.o
        22          0          0          0          0          0   libinit2.o
         2          0          0          0          0          0   libshutdown.o
         6          0          0          0          0          0   libshutdown2.o
         8          4          0          0         96         68   libspace.o
       240          0          0          0          0        100   lludivv7m.o
         0          0          0          0          0          0   maybetermalloc1.o
        88          0          0          0          0         76   memcmp.o
       112         18          0          0        228        160   rand.o
         8          4          0          0          0         68   rt_errno_addr_intlibspace.o
         8          4          0          0          0         68   rt_heap_descriptor_intlibspace.o
        68          0          0          0          0         68   rt_memclr.o
        78          0          0          0          0         80   rt_memclr_w.o
       138          0          0          0          0         68   rt_memcpy_v6.o
       100          0          0          0          0         80   rt_memcpy_w.o
         2          0          0          0          0          0   rtexit.o
        10          0          0          0          0          0   rtexit2.o
        70          0          0          0          0         80   setvbuf.o
       240          6          0          0          0        156   stdio.o
         0          0          0         12        252          0   stdio_streams.o
       124          0          0          0          0         88   strcmpv7m_pel.o
        62          0          0          0          0         76   strlen.o
       150          0          0          0          0         80   strncmp.o
        12          4          0          0          0         68   sys_exit.o
        74          0          0          0          0         80   sys_stackheap_outer.o
        14          0          0          0          0         76   sys_wrch.o
         2          0          0          0          0         68   use_no_semi.o
       120          4          0          0          0        152   dfixull.o
       156          4          0          0          0        140   dnaninf.o
        96          0          0          0          0        132   ffltll_clz.o
        26          0          0          0          0        116   fpinit.o
         0          0          0          0          0          0   usenofp.o
       492         62         48          0          0        236   expf.o
        38          0          0          0          0        116   fpclassifyf.o
        38         12          0          0          0        348   funder.o

    ----------------------------------------------------------------------
     14928       1238        160         12        576      15404   Library Totals
        30          0          4          0          0          0   (incl. Padding)

    ----------------------------------------------------------------------

      Code (inc. data)   RO Data    RW Data    ZI Data      Debug   Library Name

     10352        950        108          0          0      10316   NetworkRuntime720_CM7_Keil.lib
      3580        206          0         12        576       3848   c_w.l
       398          8          0          0          0        540   fz_wv.l
       568         74         48          0          0        700   m_wv.l

    ----------------------------------------------------------------------
     14928       1238        160         12        576      15404   Library Totals

    ----------------------------------------------------------------------

==============================================================================


      Code (inc. data)   RO Data    RW Data    ZI Data      Debug   

     37568       3098      51264       2176       7024     242498   Grand Totals
     37568       3098      51264        800       7024     242498   ELF Image Totals (compressed)
     37568       3098      51264        800          0          0   ROM Totals

==============================================================================

    Total RO  Size (Code + RO Data)                88832 (  86.75kB)
    Total RW  Size (RW Data + ZI Data)              9200 (   8.98kB)
    Total ROM Size (Code + RO Data + RW Data)      89632 (  87.53kB)

==============================================================================

